Archive member included to satisfy reference by file (symbol)

/home/wang/phytium-dev-linux-x64/phytium-free-rtos-sdk/example/system/amp/openamp_for_linux/build/lib_rtos_driver.a(fgpio_os.o)
                              (--whole-archive)
/home/wang/phytium-dev-linux-x64/phytium-free-rtos-sdk/example/system/amp/openamp_for_linux/build/lib_rtos_driver.a(fpwm_os.o)
                              (--whole-archive)
/home/wang/phytium-dev-linux-x64/phytium-free-rtos-sdk/example/system/amp/openamp_for_linux/build/lib_rtos_driver.a(fpl011_os.o)
                              (--whole-archive)
/home/wang/phytium-dev-linux-x64/phytium-free-rtos-sdk/example/system/amp/openamp_for_linux/build/lib_freertos.a(croutine.o)
                              (--whole-archive)
/home/wang/phytium-dev-linux-x64/phytium-free-rtos-sdk/example/system/amp/openamp_for_linux/build/lib_freertos.a(event_groups.o)
                              (--whole-archive)
/home/wang/phytium-dev-linux-x64/phytium-free-rtos-sdk/example/system/amp/openamp_for_linux/build/lib_freertos.a(list.o)
                              (--whole-archive)
/home/wang/phytium-dev-linux-x64/phytium-free-rtos-sdk/example/system/amp/openamp_for_linux/build/lib_freertos.a(queue.o)
                              (--whole-archive)
/home/wang/phytium-dev-linux-x64/phytium-free-rtos-sdk/example/system/amp/openamp_for_linux/build/lib_freertos.a(stream_buffer.o)
                              (--whole-archive)
/home/wang/phytium-dev-linux-x64/phytium-free-rtos-sdk/example/system/amp/openamp_for_linux/build/lib_freertos.a(tasks.o)
                              (--whole-archive)
/home/wang/phytium-dev-linux-x64/phytium-free-rtos-sdk/example/system/amp/openamp_for_linux/build/lib_freertos.a(timers.o)
                              (--whole-archive)
/home/wang/phytium-dev-linux-x64/phytium-free-rtos-sdk/example/system/amp/openamp_for_linux/build/lib_freertos.a(heap_4.o)
                              (--whole-archive)
/home/wang/phytium-dev-linux-x64/phytium-free-rtos-sdk/example/system/amp/openamp_for_linux/build/lib_freertos.a(freertos_configs.o)
                              (--whole-archive)
/home/wang/phytium-dev-linux-x64/phytium-free-rtos-sdk/example/system/amp/openamp_for_linux/build/lib_freertos.a(port.o)
                              (--whole-archive)
/home/wang/phytium-dev-linux-x64/phytium-free-rtos-sdk/example/system/amp/openamp_for_linux/build/lib_freertos.a(freertos_vectors.o)
                              (--whole-archive)
/home/wang/phytium-dev-linux-x64/phytium-free-rtos-sdk/example/system/amp/openamp_for_linux/build/lib_freertos.a(portASM.o)
                              (--whole-archive)
/home/wang/phytium-dev-linux-x64/phytium-free-rtos-sdk/example/system/amp/openamp_for_linux/build/lib_letter_shell.a(shell.o)
                              (--whole-archive)
/home/wang/phytium-dev-linux-x64/phytium-free-rtos-sdk/example/system/amp/openamp_for_linux/build/lib_letter_shell.a(shell_cmd_list.o)
                              (--whole-archive)
/home/wang/phytium-dev-linux-x64/phytium-free-rtos-sdk/example/system/amp/openamp_for_linux/build/lib_letter_shell.a(shell_companion.o)
                              (--whole-archive)
/home/wang/phytium-dev-linux-x64/phytium-free-rtos-sdk/example/system/amp/openamp_for_linux/build/lib_letter_shell.a(shell_ext.o)
                              (--whole-archive)
/home/wang/phytium-dev-linux-x64/phytium-free-rtos-sdk/example/system/amp/openamp_for_linux/build/lib_letter_shell.a(shell_port.o)
                              (--whole-archive)
/home/wang/phytium-dev-linux-x64/phytium-free-rtos-sdk/example/system/amp/openamp_for_linux/build/lib_letter_shell.a(fpl011_os_port.o)
                              (--whole-archive)
/home/wang/phytium-dev-linux-x64/phytium-free-rtos-sdk/example/system/amp/openamp_for_linux/build/lib_letter_shell.a(cmd_bootelf.o)
                              (--whole-archive)
/home/wang/phytium-dev-linux-x64/phytium-free-rtos-sdk/example/system/amp/openamp_for_linux/build/lib_letter_shell.a(cmd_codeloader.o)
                              (--whole-archive)
/home/wang/phytium-dev-linux-x64/phytium-free-rtos-sdk/example/system/amp/openamp_for_linux/build/lib_letter_shell.a(cmd_echo.o)
                              (--whole-archive)
/home/wang/phytium-dev-linux-x64/phytium-free-rtos-sdk/example/system/amp/openamp_for_linux/build/lib_letter_shell.a(cmd_md.o)
                              (--whole-archive)
/home/wang/phytium-dev-linux-x64/phytium-free-rtos-sdk/example/system/amp/openamp_for_linux/build/lib_letter_shell.a(cmd_mw.o)
                              (--whole-archive)
/home/wang/phytium-dev-linux-x64/phytium-free-rtos-sdk/example/system/amp/openamp_for_linux/build/lib_letter_shell.a(cmd_reboot.o)
                              (--whole-archive)
/home/wang/phytium-dev-linux-x64/phytium-free-rtos-sdk/example/system/amp/openamp_for_linux/build/lib_letter_shell.a(cmd_rw.o)
                              (--whole-archive)
[...]
Memory Configuration

Name             Origin             Length             Attributes
MEMORY_SPACE     0x00000000b0100000 0x0000000001000000 xrw
*default*        0x0000000000000000 0xffffffffffffffff

Linker script and memory map

START GROUP
LOAD /home/wang/phytium-dev-linux-x64/cross_tool/gcc-arm-10.3-2021.07-x86_64-aarch64-none-elf/bin/../lib/gcc/aarch64-none-elf/10.3.1/libgcc.a
LOAD /home/wang/phytium-dev-linux-x64/cross_tool/gcc-arm-10.3-2021.07-x86_64-aarch64-none-elf/bin/../lib/gcc/aarch64-none-elf/10.3.1/../../../../aarch64-none-elf/lib/libc.a
LOAD /home/wang/phytium-dev-linux-x64/cross_tool/gcc-arm-10.3-2021.07-x86_64-aarch64-none-elf/bin/../lib/gcc/aarch64-none-elf/10.3.1/../../../../aarch64-none-elf/lib/libm.a
LOAD /home/wang/phytium-dev-linux-x64/phytium-free-rtos-sdk/example/system/amp/openamp_for_linux/build/lib_rtos_driver.a
LOAD /home/wang/phytium-dev-linux-x64/phytium-free-rtos-sdk/example/system/amp/openamp_for_linux/build/lib_freertos.a
LOAD /home/wang/phytium-dev-linux-x64/phytium-free-rtos-sdk/example/system/amp/openamp_for_linux/build/lib_letter_shell.a
LOAD /home/wang/phytium-dev-linux-x64/phytium-free-rtos-sdk/example/system/amp/openamp_for_linux/build/lib_backtrace.a
LOAD /home/wang/phytium-dev-linux-x64/phytium-free-rtos-sdk/example/system/amp/openamp_for_linux/build/lib_tlsf.a
LOAD /home/wang/phytium-dev-linux-x64/phytium-free-rtos-sdk/example/system/amp/openamp_for_linux/build/lib_openamp.a
LOAD /home/wang/phytium-dev-linux-x64/phytium-free-rtos-sdk/example/system/amp/openamp_for_linux/build/lib_libmetal.a
LOAD /home/wang/phytium-dev-linux-x64/phytium-free-rtos-sdk/example/system/amp/openamp_for_linux/build/libuser.a
LOAD /home/wang/phytium-dev-linux-x64/phytium-free-rtos-sdk/example/system/amp/openamp_for_linux/build/lib_board.a
LOAD /home/wang/phytium-dev-linux-x64/phytium-free-rtos-sdk/example/system/amp/openamp_for_linux/build/libdrivers.a
LOAD /home/wang/phytium-dev-linux-x64/phytium-free-rtos-sdk/example/system/amp/openamp_for_linux/build/libarch.a
LOAD /home/wang/phytium-dev-linux-x64/phytium-free-rtos-sdk/example/system/amp/openamp_for_linux/build/libcommon.a
LOAD /home/wang/phytium-dev-linux-x64/phytium-free-rtos-sdk/example/system/amp/openamp_for_linux/build/libsoc.a
LOAD /home/wang/phytium-dev-linux-x64/phytium-free-rtos-sdk/example/system/amp/openamp_for_linux/build/lib_syscall.a
END GROUP
LOAD /home/wang/phytium-dev-linux-x64/cross_tool/gcc-arm-10.3-2021.07-x86_64-aarch64-none-elf/bin/../lib/gcc/aarch64-none-elf/10.3.1/libgcc.a
LOAD /home/wang/phytium-dev-linux-x64/cross_tool/gcc-arm-10.3-2021.07-x86_64-aarch64-none-elf/bin/../lib/gcc/aarch64-none-elf/10.3.1/../../../../aarch64-none-elf/lib/libc.a
LOAD /home/wang/phytium-dev-linux-x64/cross_tool/gcc-arm-10.3-2021.07-x86_64-aarch64-none-elf/bin/../lib/gcc/aarch64-none-elf/10.3.1/libgcc.a

.text           0x00000000b0100000    0x27510
 *(.vectors)
 .vectors       0x00000000b0100000      0x800 /home/wang/phytium-dev-linux-x64/phytium-free-rtos-sdk/example/system/amp/openamp_for_linux/build/libarch.a(fvectors.o)
                0x00000000b0100000                _vector_table
                0x00000000b0100610                SErrorInterruptHandler
 *(.boot)
 .boot          0x00000000b0100800      0x170 /home/wang/phytium-dev-linux-x64/phytium-free-rtos-sdk/example/system/amp/openamp_for_linux/build/libarch.a(fboot.o)
                0x00000000b0100800                _boot
 *(.text)
 *fill*         0x00000000b0100970       0x90 
 .text          0x00000000b0100a00      0x948 /home/wang/phytium-dev-linux-x64/phytium-free-rtos-sdk/example/system/amp/openamp_for_linux/build/lib_freertos.a(portASM.o)
                0x00000000b0100a00                vSynchronousInterruptHandler
                0x00000000b0100d00                vSynchronousInterruptHandlerSPx
                0x00000000b0100d90                vSErrorInterruptHandler
                0x00000000b0100f00                vPortRestoreTaskContext
                0x00000000b0101000                FreeRTOS_IRQ_Handler
 *fill*         0x00000000b0101348        0x8 
 .text          0x00000000b0101350      0x1d0 /home/wang/phytium-dev-linux-x64/phytium-free-rtos-sdk/example/system/amp/openamp_for_linux/build/libarch.a(fcrt0.o)
                0x00000000b0101388                _startup
                0x00000000b01014c0                InvalidateFlushDcaches
 .text          0x00000000b0101520       0x18 /home/wang/phytium-dev-linux-x64/phytium-free-rtos-sdk/example/system/amp/openamp_for_linux/build/libarch.a(ftrace_uart.o)
                0x00000000b0101520                FTraceUartInit
                0x00000000b0101524                FTraceBootup
                0x00000000b0101528                FTraceEL3
                0x00000000b010152c                FTraceEL2
                0x00000000b0101530                FTraceEL1
                0x00000000b0101534                FTraceCEntry
 *fill*         0x00000000b0101538        0x8 
 .text          0x00000000b0101540       0x34 /home/wang/phytium-dev-linux-x64/cross_tool/gcc-arm-10.3-2021.07-x86_64-aarch64-none-elf/bin/../lib/gcc/aarch64-none-elf/10.3.1/libgcc.a(cas_4_4.o)
                0x00000000b0101540                __aarch64_cas4_acq_rel
 *fill*         0x00000000b0101574        0xc 
 .text          0x00000000b0101580       0x2c /home/wang/phytium-dev-linux-x64/cross_tool/gcc-arm-10.3-2021.07-x86_64-aarch64-none-elf/bin/../lib/gcc/aarch64-none-elf/10.3.1/libgcc.a(swp_4_2.o)
                0x00000000b0101580                __aarch64_swp4_acq
 *fill*         0x00000000b01015ac       0x14 
 .text          0x00000000b01015c0      0x16c /home/wang/phytium-dev-linux-x64/cross_tool/gcc-arm-10.3-2021.07-x86_64-aarch64-none-elf/bin/../lib/gcc/aarch64-none-elf/10.3.1/../../../../aarch64-none-elf/lib/libc.a(lib_a-memcpy.o)
                0x00000000b01015c0                memcpy
 *fill*         0x00000000b010172c       0x14 
 .text          0x00000000b0101740      0x1dc /home/wang/phytium-dev-linux-x64/cross_tool/gcc-arm-10.3-2021.07-x86_64-aarch64-none-elf/bin/../lib/gcc/aarch64-none-elf/10.3.1/../../../../aarch64-none-elf/lib/libc.a(lib_a-memset.o)
                0x00000000b0101740                memset
 *fill*         0x00000000b010191c       0x24 
 .text          0x00000000b0101940       0xe4 /home/wang/phytium-dev-linux-x64/cross_tool/gcc-arm-10.3-2021.07-x86_64-aarch64-none-elf/bin/../lib/gcc/aarch64-none-elf/10.3.1/../../../../aarch64-none-elf/lib/libc.a(lib_a-strcmp.o)
                0x00000000b0101940                strcmp
 *fill*         0x00000000b0101a24       0x1c 
 .text          0x00000000b0101a40      0x1b8 /home/wang/phytium-dev-linux-x64/cross_tool/gcc-arm-10.3-2021.07-x86_64-aarch64-none-elf/bin/../lib/gcc/aarch64-none-elf/10.3.1/../../../../aarch64-none-elf/lib/libc.a(lib_a-strcpy.o)
                0x00000000b0101a40                strcpy
 *fill*         0x00000000b0101bf8        0x8 
 .text          0x00000000b0101c00      0x140 /home/wang/phytium-dev-linux-x64/cross_tool/gcc-arm-10.3-2021.07-x86_64-aarch64-none-elf/bin/../lib/gcc/aarch64-none-elf/10.3.1/../../../../aarch64-none-elf/lib/libc.a(lib_a-strlen.o)
                0x00000000b0101c00                strlen
 .text          0x00000000b0101d40      0x1d4 /home/wang/phytium-dev-linux-x64/cross_tool/gcc-arm-10.3-2021.07-x86_64-aarch64-none-elf/bin/../lib/gcc/aarch64-none-elf/10.3.1/../../../../aarch64-none-elf/lib/libc.a(lib_a-strncmp.o)
                0x00000000b0101d5c                strncmp
 .text          0x00000000b0101f14       0xd8 /home/wang/phytium-dev-linux-x64/cross_tool/gcc-arm-10.3-2021.07-x86_64-aarch64-none-elf/bin/../lib/gcc/aarch64-none-elf/10.3.1/../../../../aarch64-none-elf/lib/libc.a(lib_a-memchr.o)
                0x00000000b0101f14                memchr
 *fill*         0x00000000b0101fec       0x14 
 .text          0x00000000b0102000       0xac /home/wang/phytium-dev-linux-x64/cross_tool/gcc-arm-10.3-2021.07-x86_64-aarch64-none-elf/bin/../lib/gcc/aarch64-none-elf/10.3.1/../../../../aarch64-none-elf/lib/libc.a(lib_a-memmove.o)
                0x00000000b0102000                memmove
 *(.text.*)
 .text.FGpioOsGetId
                0x00000000b01020ac       0x38 /home/wang/phytium-dev-linux-x64/phytium-free-rtos-sdk/example/system/amp/openamp_for_linux/build/lib_rtos_driver.a(fgpio_os.o)
 .text.FGpioOsTakeSema
                0x00000000b01020e4       0x88 /home/wang/phytium-dev-linux-x64/phytium-free-rtos-sdk/example/system/amp/openamp_for_linux/build/lib_rtos_driver.a(fgpio_os.o)
 .text.FGpioOsGiveSema
                0x00000000b010216c       0x84 /home/wang/phytium-dev-linux-x64/phytium-free-rtos-sdk/example/system/amp/openamp_for_linux/build/lib_rtos_driver.a(fgpio_os.o)
 .text.FFreeRTOSGpioInit
                0x00000000b01021f0      0x178 /home/wang/phytium-dev-linux-x64/phytium-free-rtos-sdk/example/system/amp/openamp_for_linux/build/lib_rtos_driver.a(fgpio_os.o)
                0x00000000b01021f0                FFreeRTOSGpioInit
 .text.FFreeRTOSSetupPin
                0x00000000b0102368      0x300 /home/wang/phytium-dev-linux-x64/phytium-free-rtos-sdk/example/system/amp/openamp_for_linux/build/lib_rtos_driver.a(fgpio_os.o)
                0x00000000b0102368                FFreeRTOSSetupPin
 .text.FFreeRTOSSetIRQ
                0x00000000b0102668       0xec /home/wang/phytium-dev-linux-x64/phytium-free-rtos-sdk/example/system/amp/openamp_for_linux/build/lib_rtos_driver.a(fgpio_os.o)
                0x00000000b0102668                FFreeRTOSSetIRQ
 .text.FFreeRTOSPinWrite
                0x00000000b0102754       0xf0 /home/wang/phytium-dev-linux-x64/phytium-free-rtos-sdk/example/system/amp/openamp_for_linux/build/lib_rtos_driver.a(fgpio_os.o)
                0x00000000b0102754                FFreeRTOSPinWrite
 .text.FFreeRTOSPwmControl
                0x00000000b0102844      0x124 /home/wang/phytium-dev-linux-x64/phytium-free-rtos-sdk/example/system/amp/openamp_for_linux/build/lib_rtos_driver.a(fpwm_os.o)
 .text.FFreeRTOSPwmInit
                0x00000000b0102968      0x144 /home/wang/phytium-dev-linux-x64/phytium-free-rtos-sdk/example/system/amp/openamp_for_linux/build/lib_rtos_driver.a(fpwm_os.o)
                0x00000000b0102968                FFreeRTOSPwmInit
 .text.FFreeRTOSPwmSet
                0x00000000b0102aac      0x108 /home/wang/phytium-dev-linux-x64/phytium-free-rtos-sdk/example/system/amp/openamp_for_linux/build/lib_rtos_driver.a(fpwm_os.o)
                0x00000000b0102aac                FFreeRTOSPwmSet
 .text.FFreeRTOSPwmEnable
                0x00000000b0102bb4       0xe0 /home/wang/phytium-dev-linux-x64/phytium-free-rtos-sdk/example/system/amp/openamp_for_linux/build/lib_rtos_driver.a(fpwm_os.o)
                0x00000000b0102bb4                FFreeRTOSPwmEnable
 .text.FFreeRTOSPwmDbSet
                0x00000000b0102c94       0xcc /home/wang/phytium-dev-linux-x64/phytium-free-rtos-sdk/example/system/amp/openamp_for_linux/build/lib_rtos_driver.a(fpwm_os.o)
                0x00000000b0102c94                FFreeRTOSPwmDbSet
 .text.FFreeRTOSPwmPulseSet
                0x00000000b0102d60       0xd4 /home/wang/phytium-dev-linux-x64/phytium-free-rtos-sdk/example/system/amp/openamp_for_linux/build/lib_rtos_driver.a(fpwm_os.o)
                0x00000000b0102d60                FFreeRTOSPwmPulseSet
 .text.xEventGroupCreate
                0x00000000b0102e34       0x2c /home/wang/phytium-dev-linux-x64/phytium-free-rtos-sdk/example/system/amp/openamp_for_linux/build/lib_freertos.a(event_groups.o)
                0x00000000b0102e34                xEventGroupCreate
 .text.vListInitialise
                0x00000000b0102e60       0x18 /home/wang/phytium-dev-linux-x64/phytium-free-rtos-sdk/example/system/amp/openamp_for_linux/build/lib_freertos.a(list.o)
                0x00000000b0102e60                vListInitialise
 .text.vListInitialiseItem
                0x00000000b0102e78        0x8 /home/wang/phytium-dev-linux-x64/phytium-free-rtos-sdk/example/system/amp/openamp_for_linux/build/lib_freertos.a(list.o)
                0x00000000b0102e78                vListInitialiseItem
 .text.vListInsertEnd
                0x00000000b0102e80       0x2c /home/wang/phytium-dev-linux-x64/phytium-free-rtos-sdk/example/system/amp/openamp_for_linux/build/lib_freertos.a(list.o)
                0x00000000b0102e80                vListInsertEnd
 .text.vListInsert
                0x00000000b0102eac       0x54 /home/wang/phytium-dev-linux-x64/phytium-free-rtos-sdk/example/system/amp/openamp_for_linux/build/lib_freertos.a(list.o)
                0x00000000b0102eac                vListInsert
 .text.uxListRemove
                0x00000000b0102f00       0x40 /home/wang/phytium-dev-linux-x64/phytium-free-rtos-sdk/example/system/amp/openamp_for_linux/build/lib_freertos.a(list.o)
                0x00000000b0102f00                uxListRemove
 .text.prvIsQueueEmpty
                0x00000000b0102f40       0x24 /home/wang/phytium-dev-linux-x64/phytium-free-rtos-sdk/example/system/amp/openamp_for_linux/build/lib_freertos.a(queue.o)
 .text.prvCopyDataToQueue
                0x00000000b0102f64       0xcc /home/wang/phytium-dev-linux-x64/phytium-free-rtos-sdk/example/system/amp/openamp_for_linux/build/lib_freertos.a(queue.o)
 .text.prvCopyDataFromQueue
                0x00000000b0103030       0x38 /home/wang/phytium-dev-linux-x64/phytium-free-rtos-sdk/example/system/amp/openamp_for_linux/build/lib_freertos.a(queue.o)
 .text.prvNotifyQueueSetContainer
                0x00000000b0103068       0xe4 /home/wang/phytium-dev-linux-x64/phytium-free-rtos-sdk/example/system/amp/openamp_for_linux/build/lib_freertos.a(queue.o)
 .text.prvUnlockQueue
                0x00000000b010314c       0xb8 /home/wang/phytium-dev-linux-x64/phytium-free-rtos-sdk/example/system/amp/openamp_for_linux/build/lib_freertos.a(queue.o)
 .text.xQueueGenericReset
                0x00000000b0103204       0xc4 /home/wang/phytium-dev-linux-x64/phytium-free-rtos-sdk/example/system/amp/openamp_for_linux/build/lib_freertos.a(queue.o)
                0x00000000b0103204                xQueueGenericReset
 .text.xQueueGenericCreateStatic
                0x00000000b01032c8       0xd0 /home/wang/phytium-dev-linux-x64/phytium-free-rtos-sdk/example/system/amp/openamp_for_linux/build/lib_freertos.a(queue.o)
                0x00000000b01032c8                xQueueGenericCreateStatic
 .text.xQueueGenericCreate
                0x00000000b0103398       0x94 /home/wang/phytium-dev-linux-x64/phytium-free-rtos-sdk/example/system/amp/openamp_for_linux/build/lib_freertos.a(queue.o)
                0x00000000b0103398                xQueueGenericCreate
 .text.xQueueCreateCountingSemaphore
                0x00000000b010342c       0x48 /home/wang/phytium-dev-linux-x64/phytium-free-rtos-sdk/example/system/amp/openamp_for_linux/build/lib_freertos.a(queue.o)
                0x00000000b010342c                xQueueCreateCountingSemaphore
 .text.xQueueGenericSend
                0x00000000b0103474      0x1e8 /home/wang/phytium-dev-linux-x64/phytium-free-rtos-sdk/example/system/amp/openamp_for_linux/build/lib_freertos.a(queue.o)
                0x00000000b0103474                xQueueGenericSend
 .text.xQueueCreateMutex
                0x00000000b010365c       0x40 /home/wang/phytium-dev-linux-x64/phytium-free-rtos-sdk/example/system/amp/openamp_for_linux/build/lib_freertos.a(queue.o)
                0x00000000b010365c                xQueueCreateMutex
 .text.xQueueReceive
                0x00000000b010369c      0x188 /home/wang/phytium-dev-linux-x64/phytium-free-rtos-sdk/example/system/amp/openamp_for_linux/build/lib_freertos.a(queue.o)
                0x00000000b010369c                xQueueReceive
 .text.xQueueSemaphoreTake
                0x00000000b0103824      0x1d0 /home/wang/phytium-dev-linux-x64/phytium-free-rtos-sdk/example/system/amp/openamp_for_linux/build/lib_freertos.a(queue.o)
                0x00000000b0103824                xQueueSemaphoreTake
 .text.vQueueWaitForMessageRestricted
                0x00000000b01039f4       0x6c /home/wang/phytium-dev-linux-x64/phytium-free-rtos-sdk/example/system/amp/openamp_for_linux/build/lib_freertos.a(queue.o)
                0x00000000b01039f4                vQueueWaitForMessageRestricted
 .text.prvAddNewTaskToReadyList
                0x00000000b0103a60      0x18c /home/wang/phytium-dev-linux-x64/phytium-free-rtos-sdk/example/system/amp/openamp_for_linux/build/lib_freertos.a(tasks.o)
 .text.prvAddCurrentTaskToDelayedList
                0x00000000b0103bec      0x120 /home/wang/phytium-dev-linux-x64/phytium-free-rtos-sdk/example/system/amp/openamp_for_linux/build/lib_freertos.a(tasks.o)
 .text.prvWriteNameToBuffer
                0x00000000b0103d0c       0x54 /home/wang/phytium-dev-linux-x64/phytium-free-rtos-sdk/example/system/amp/openamp_for_linux/build/lib_freertos.a(tasks.o)
 .text.prvResetNextTaskUnblockTime
                0x00000000b0103d60       0x30 /home/wang/phytium-dev-linux-x64/phytium-free-rtos-sdk/example/system/amp/openamp_for_linux/build/lib_freertos.a(tasks.o)
 .text.prvDeleteTCB
                0x00000000b0103d90       0x48 /home/wang/phytium-dev-linux-x64/phytium-free-rtos-sdk/example/system/amp/openamp_for_linux/build/lib_freertos.a(tasks.o)
 .text.prvIdleTask
                0x00000000b0103dd8       0x7c /home/wang/phytium-dev-linux-x64/phytium-free-rtos-sdk/example/system/amp/openamp_for_linux/build/lib_freertos.a(tasks.o)
 .text.prvInitialiseNewTask.constprop.0
                0x00000000b0103e54       0xf4 /home/wang/phytium-dev-linux-x64/phytium-free-rtos-sdk/example/system/amp/openamp_for_linux/build/lib_freertos.a(tasks.o)
 .text.xTaskCreateStatic
                0x00000000b0103f48       0xec /home/wang/phytium-dev-linux-x64/phytium-free-rtos-sdk/example/system/amp/openamp_for_linux/build/lib_freertos.a(tasks.o)
                0x00000000b0103f48                xTaskCreateStatic
 .text.xTaskCreate
                0x00000000b0104034       0xb4 /home/wang/phytium-dev-linux-x64/phytium-free-rtos-sdk/example/system/amp/openamp_for_linux/build/lib_freertos.a(tasks.o)
                0x00000000b0104034                xTaskCreate
 .text.vTaskDelete
                0x00000000b01040e8      0x120 /home/wang/phytium-dev-linux-x64/phytium-free-rtos-sdk/example/system/amp/openamp_for_linux/build/lib_freertos.a(tasks.o)
                0x00000000b01040e8                vTaskDelete
 .text.eTaskGetState
                0x00000000b0104208       0xd0 /home/wang/phytium-dev-linux-x64/phytium-free-rtos-sdk/example/system/amp/openamp_for_linux/build/lib_freertos.a(tasks.o)
                0x00000000b0104208                eTaskGetState
 .text.vTaskStartScheduler
                0x00000000b01042d8       0xb4 /home/wang/phytium-dev-linux-x64/phytium-free-rtos-sdk/example/system/amp/openamp_for_linux/build/lib_freertos.a(tasks.o)
                0x00000000b01042d8                vTaskStartScheduler
 .text.vTaskSuspendAll
                0x00000000b010438c       0x14 /home/wang/phytium-dev-linux-x64/phytium-free-rtos-sdk/example/system/amp/openamp_for_linux/build/lib_freertos.a(tasks.o)
                0x00000000b010438c                vTaskSuspendAll
 .text.xTaskGetTickCount
                0x00000000b01043a0        0xc /home/wang/phytium-dev-linux-x64/phytium-free-rtos-sdk/example/system/amp/openamp_for_linux/build/lib_freertos.a(tasks.o)
                0x00000000b01043a0                xTaskGetTickCount
 .text.uxTaskGetNumberOfTasks
                0x00000000b01043ac        0xc /home/wang/phytium-dev-linux-x64/phytium-free-rtos-sdk/example/system/amp/openamp_for_linux/build/lib_freertos.a(tasks.o)
                0x00000000b01043ac                uxTaskGetNumberOfTasks
 .text.xTaskIncrementTick
                0x00000000b01043b8      0x220 /home/wang/phytium-dev-linux-x64/phytium-free-rtos-sdk/example/system/amp/openamp_for_linux/build/lib_freertos.a(tasks.o)
                0x00000000b01043b8                xTaskIncrementTick
 .text.xTaskResumeAll
                0x00000000b01045d8      0x1d0 /home/wang/phytium-dev-linux-x64/phytium-free-rtos-sdk/example/system/amp/openamp_for_linux/build/lib_freertos.a(tasks.o)
                0x00000000b01045d8                xTaskResumeAll
 .text.vTaskDelay
                0x00000000b01047a8       0x54 /home/wang/phytium-dev-linux-x64/phytium-free-rtos-sdk/example/system/amp/openamp_for_linux/build/lib_freertos.a(tasks.o)
                0x00000000b01047a8                vTaskDelay
 .text.vTaskSwitchContext
                0x00000000b01047fc      0x128 /home/wang/phytium-dev-linux-x64/phytium-free-rtos-sdk/example/system/amp/openamp_for_linux/build/lib_freertos.a(tasks.o)
                0x00000000b01047fc                vTaskSwitchContext
 .text.vTaskPlaceOnEventList
                0x00000000b0104924       0x4c /home/wang/phytium-dev-linux-x64/phytium-free-rtos-sdk/example/system/amp/openamp_for_linux/build/lib_freertos.a(tasks.o)
                0x00000000b0104924                vTaskPlaceOnEventList
 .text.vTaskPlaceOnEventListRestricted
                0x00000000b0104970       0x88 /home/wang/phytium-dev-linux-x64/phytium-free-rtos-sdk/example/system/amp/openamp_for_linux/build/lib_freertos.a(tasks.o)
                0x00000000b0104970                vTaskPlaceOnEventListRestricted
 .text.xTaskRemoveFromEventList
                0x00000000b01049f8      0x16c /home/wang/phytium-dev-linux-x64/phytium-free-rtos-sdk/example/system/amp/openamp_for_linux/build/lib_freertos.a(tasks.o)
                0x00000000b01049f8                xTaskRemoveFromEventList
 .text.vTaskInternalSetTimeOutState
                0x00000000b0104b64       0x1c /home/wang/phytium-dev-linux-x64/phytium-free-rtos-sdk/example/system/amp/openamp_for_linux/build/lib_freertos.a(tasks.o)
                0x00000000b0104b64                vTaskInternalSetTimeOutState
 .text.xTaskCheckForTimeOut
                0x00000000b0104b80       0xcc /home/wang/phytium-dev-linux-x64/phytium-free-rtos-sdk/example/system/amp/openamp_for_linux/build/lib_freertos.a(tasks.o)
                0x00000000b0104b80                xTaskCheckForTimeOut
 .text.vTaskMissedYield
                0x00000000b0104c4c       0x10 /home/wang/phytium-dev-linux-x64/phytium-free-rtos-sdk/example/system/amp/openamp_for_linux/build/lib_freertos.a(tasks.o)
                0x00000000b0104c4c                vTaskMissedYield
 .text.vTaskGetInfo
                0x00000000b0104c5c       0xe8 /home/wang/phytium-dev-linux-x64/phytium-free-rtos-sdk/example/system/amp/openamp_for_linux/build/lib_freertos.a(tasks.o)
                0x00000000b0104c5c                vTaskGetInfo
 .text.prvListTasksWithinSingleList
                0x00000000b0104d44       0xb8 /home/wang/phytium-dev-linux-x64/phytium-free-rtos-sdk/example/system/amp/openamp_for_linux/build/lib_freertos.a(tasks.o)
 .text.uxTaskGetSystemState
                0x00000000b0104dfc       0xf8 /home/wang/phytium-dev-linux-x64/phytium-free-rtos-sdk/example/system/amp/openamp_for_linux/build/lib_freertos.a(tasks.o)
                0x00000000b0104dfc                uxTaskGetSystemState
 .text.xTaskGetSchedulerState
                0x00000000b0104ef4       0x2c /home/wang/phytium-dev-linux-x64/phytium-free-rtos-sdk/example/system/amp/openamp_for_linux/build/lib_freertos.a(tasks.o)
                0x00000000b0104ef4                xTaskGetSchedulerState
 .text.xTaskPriorityInherit
                0x00000000b0104f20      0x134 /home/wang/phytium-dev-linux-x64/phytium-free-rtos-sdk/example/system/amp/openamp_for_linux/build/lib_freertos.a(tasks.o)
                0x00000000b0104f20                xTaskPriorityInherit
 .text.xTaskPriorityDisinherit
                0x00000000b0105054      0x118 /home/wang/phytium-dev-linux-x64/phytium-free-rtos-sdk/example/system/amp/openamp_for_linux/build/lib_freertos.a(tasks.o)
                0x00000000b0105054                xTaskPriorityDisinherit
 .text.vTaskPriorityDisinheritAfterTimeout
                0x00000000b010516c      0x134 /home/wang/phytium-dev-linux-x64/phytium-free-rtos-sdk/example/system/amp/openamp_for_linux/build/lib_freertos.a(tasks.o)
                0x00000000b010516c                vTaskPriorityDisinheritAfterTimeout
 .text.vTaskList
                0x00000000b01052a0       0xf8 /home/wang/phytium-dev-linux-x64/phytium-free-rtos-sdk/example/system/amp/openamp_for_linux/build/lib_freertos.a(tasks.o)
                0x00000000b01052a0                vTaskList
 .text.vTaskGetRunTimeStats
                0x00000000b0105398       0xfc /home/wang/phytium-dev-linux-x64/phytium-free-rtos-sdk/example/system/amp/openamp_for_linux/build/lib_freertos.a(tasks.o)
                0x00000000b0105398                vTaskGetRunTimeStats
 .text.pvTaskIncrementMutexHeldCount
                0x00000000b0105494       0x24 /home/wang/phytium-dev-linux-x64/phytium-free-rtos-sdk/example/system/amp/openamp_for_linux/build/lib_freertos.a(tasks.o)
                0x00000000b0105494                pvTaskIncrementMutexHeldCount
 .text.prvCheckForValidListAndQueue
                0x00000000b01054b8       0x78 /home/wang/phytium-dev-linux-x64/phytium-free-rtos-sdk/example/system/amp/openamp_for_linux/build/lib_freertos.a(timers.o)
 .text.prvInsertTimerInActiveList
                0x00000000b0105530       0x64 /home/wang/phytium-dev-linux-x64/phytium-free-rtos-sdk/example/system/amp/openamp_for_linux/build/lib_freertos.a(timers.o)
 .text.prvReloadTimer
                0x00000000b0105594       0x54 /home/wang/phytium-dev-linux-x64/phytium-free-rtos-sdk/example/system/amp/openamp_for_linux/build/lib_freertos.a(timers.o)
 .text.prvProcessExpiredTimer
                0x00000000b01055e8       0x64 /home/wang/phytium-dev-linux-x64/phytium-free-rtos-sdk/example/system/amp/openamp_for_linux/build/lib_freertos.a(timers.o)
 .text.prvSampleTimeNow
                0x00000000b010564c       0x8c /home/wang/phytium-dev-linux-x64/phytium-free-rtos-sdk/example/system/amp/openamp_for_linux/build/lib_freertos.a(timers.o)
 .text.prvTimerTask
                0x00000000b01056d8      0x20c /home/wang/phytium-dev-linux-x64/phytium-free-rtos-sdk/example/system/amp/openamp_for_linux/build/lib_freertos.a(timers.o)
 .text.xTimerCreateTimerTask
                0x00000000b01058e4       0x7c /home/wang/phytium-dev-linux-x64/phytium-free-rtos-sdk/example/system/amp/openamp_for_linux/build/lib_freertos.a(timers.o)
                0x00000000b01058e4                xTimerCreateTimerTask
 .text.prvInsertBlockIntoFreeList
                0x00000000b0105960       0x80 /home/wang/phytium-dev-linux-x64/phytium-free-rtos-sdk/example/system/amp/openamp_for_linux/build/lib_freertos.a(heap_4.o)
 .text.pvPortMalloc
                0x00000000b01059e0      0x1c8 /home/wang/phytium-dev-linux-x64/phytium-free-rtos-sdk/example/system/amp/openamp_for_linux/build/lib_freertos.a(heap_4.o)
                0x00000000b01059e0                pvPortMalloc
 .text.vPortFree
                0x00000000b0105ba8       0x98 /home/wang/phytium-dev-linux-x64/phytium-free-rtos-sdk/example/system/amp/openamp_for_linux/build/lib_freertos.a(heap_4.o)
                0x00000000b0105ba8                vPortFree
 .text.vMainAssertCalled
                0x00000000b0105c40       0x1c /home/wang/phytium-dev-linux-x64/phytium-free-rtos-sdk/example/system/amp/openamp_for_linux/build/lib_freertos.a(freertos_configs.o)
                0x00000000b0105c40                vMainAssertCalled
 .text.vApplicationMallocFailedHook
                0x00000000b0105c5c       0x20 /home/wang/phytium-dev-linux-x64/phytium-free-rtos-sdk/example/system/amp/openamp_for_linux/build/lib_freertos.a(freertos_configs.o)
                0x00000000b0105c5c                vApplicationMallocFailedHook
 .text.vConfigureTickInterrupt
                0x00000000b0105c7c       0x50 /home/wang/phytium-dev-linux-x64/phytium-free-rtos-sdk/example/system/amp/openamp_for_linux/build/lib_freertos.a(freertos_configs.o)
                0x00000000b0105c7c                vConfigureTickInterrupt
 .text.vClearTickInterrupt
                0x00000000b0105ccc       0x18 /home/wang/phytium-dev-linux-x64/phytium-free-rtos-sdk/example/system/amp/openamp_for_linux/build/lib_freertos.a(freertos_configs.o)
                0x00000000b0105ccc                vClearTickInterrupt
 .text.vApplicationInterruptHandler
                0x00000000b0105ce4       0x58 /home/wang/phytium-dev-linux-x64/phytium-free-rtos-sdk/example/system/amp/openamp_for_linux/build/lib_freertos.a(freertos_configs.o)
                0x00000000b0105ce4                vApplicationInterruptHandler
 .text.vApplicationGetIdleTaskMemory
                0x00000000b0105d3c       0x24 /home/wang/phytium-dev-linux-x64/phytium-free-rtos-sdk/example/system/amp/openamp_for_linux/build/lib_freertos.a(freertos_configs.o)
                0x00000000b0105d3c                vApplicationGetIdleTaskMemory
 .text.vApplicationGetTimerTaskMemory
                0x00000000b0105d60       0x24 /home/wang/phytium-dev-linux-x64/phytium-free-rtos-sdk/example/system/amp/openamp_for_linux/build/lib_freertos.a(freertos_configs.o)
                0x00000000b0105d60                vApplicationGetTimerTaskMemory
 .text.pxPortInitialiseStack
                0x00000000b0105d84      0x150 /home/wang/phytium-dev-linux-x64/phytium-free-rtos-sdk/example/system/amp/openamp_for_linux/build/lib_freertos.a(port.o)
                0x00000000b0105d84                pxPortInitialiseStack
 .text.xPortStartScheduler
                0x00000000b0105ed4       0x90 /home/wang/phytium-dev-linux-x64/phytium-free-rtos-sdk/example/system/amp/openamp_for_linux/build/lib_freertos.a(port.o)
                0x00000000b0105ed4                xPortStartScheduler
 .text.vPortExitCritical
                0x00000000b0105f64       0x58 /home/wang/phytium-dev-linux-x64/phytium-free-rtos-sdk/example/system/amp/openamp_for_linux/build/lib_freertos.a(port.o)
                0x00000000b0105f64                vPortExitCritical
 .text.FreeRTOS_Tick_Handler
                0x00000000b0105fbc       0x50 /home/wang/phytium-dev-linux-x64/phytium-free-rtos-sdk/example/system/amp/openamp_for_linux/build/lib_freertos.a(port.o)
                0x00000000b0105fbc                FreeRTOS_Tick_Handler
 .text.uxPortSetInterruptMask
                0x00000000b010600c       0x50 /home/wang/phytium-dev-linux-x64/phytium-free-rtos-sdk/example/system/amp/openamp_for_linux/build/lib_freertos.a(port.o)
                0x00000000b010600c                uxPortSetInterruptMask
 .text.vPortEnterCritical
                0x00000000b010605c       0x20 /home/wang/phytium-dev-linux-x64/phytium-free-rtos-sdk/example/system/amp/openamp_for_linux/build/lib_freertos.a(port.o)
                0x00000000b010605c                vPortEnterCritical
 .text.vApplicationTickHook
                0x00000000b010607c        0x4 /home/wang/phytium-dev-linux-x64/phytium-free-rtos-sdk/example/system/amp/openamp_for_linux/build/lib_freertos.a(port.o)
                0x00000000b010607c                vApplicationTickHook
 .text.vApplicationIdleHook
                0x00000000b0106080        0x4 /home/wang/phytium-dev-linux-x64/phytium-free-rtos-sdk/example/system/amp/openamp_for_linux/build/lib_freertos.a(port.o)
                0x00000000b0106080                vApplicationIdleHook
 .text.vTaskSwitchSPx
                0x00000000b0106084       0x24 /home/wang/phytium-dev-linux-x64/phytium-free-rtos-sdk/example/system/amp/openamp_for_linux/build/lib_freertos.a(port.o)
                0x00000000b0106084                vTaskSwitchSPx
 .text.shellStringCopy
                0x00000000b01060a8       0x30 /home/wang/phytium-dev-linux-x64/phytium-free-rtos-sdk/example/system/amp/openamp_for_linux/build/lib_letter_shell.a(shell.o)
 .text.shellWriteByte.isra.0
                0x00000000b01060d8        0xc /home/wang/phytium-dev-linux-x64/phytium-free-rtos-sdk/example/system/amp/openamp_for_linux/build/lib_letter_shell.a(shell.o)
 .text.shellLeft
                0x00000000b01060e4       0x30 /home/wang/phytium-dev-linux-x64/phytium-free-rtos-sdk/example/system/amp/openamp_for_linux/build/lib_letter_shell.a(shell.o)
                0x00000000b01060e4                shellLeft
 .text.shellRight
                0x00000000b0106114       0x30 /home/wang/phytium-dev-linux-x64/phytium-free-rtos-sdk/example/system/amp/openamp_for_linux/build/lib_letter_shell.a(shell.o)
                0x00000000b0106114                shellRight
 .text.shellGetCurrent
                0x00000000b0106144       0x30 /home/wang/phytium-dev-linux-x64/phytium-free-rtos-sdk/example/system/amp/openamp_for_linux/build/lib_letter_shell.a(shell.o)
                0x00000000b0106144                shellGetCurrent
 .text.shellWriteString
                0x00000000b0106174       0x50 /home/wang/phytium-dev-linux-x64/phytium-free-rtos-sdk/example/system/amp/openamp_for_linux/build/lib_letter_shell.a(shell.o)
                0x00000000b0106174                shellWriteString
 .text.shellSetUser
                0x00000000b01061c4       0x9c /home/wang/phytium-dev-linux-x64/phytium-free-rtos-sdk/example/system/amp/openamp_for_linux/build/lib_letter_shell.a(shell.o)
 .text.shellWriteCommandLine
                0x00000000b0106260       0x7c /home/wang/phytium-dev-linux-x64/phytium-free-rtos-sdk/example/system/amp/openamp_for_linux/build/lib_letter_shell.a(shell.o)
 .text.shellClear
                0x00000000b01062dc       0x24 /home/wang/phytium-dev-linux-x64/phytium-free-rtos-sdk/example/system/amp/openamp_for_linux/build/lib_letter_shell.a(shell.o)
                0x00000000b01062dc                shellClear
 .text.shellWriteVersion
                0x00000000b0106300        0xc /home/wang/phytium-dev-linux-x64/phytium-free-rtos-sdk/example/system/amp/openamp_for_linux/build/lib_letter_shell.a(shell.o)
                0x00000000b0106300                shellWriteVersion
 .text.shellCheckPermission
                0x00000000b010630c       0x54 /home/wang/phytium-dev-linux-x64/phytium-free-rtos-sdk/example/system/amp/openamp_for_linux/build/lib_letter_shell.a(shell.o)
                0x00000000b010630c                shellCheckPermission
 .text.shellToHex
                0x00000000b0106360       0x44 /home/wang/phytium-dev-linux-x64/phytium-free-rtos-sdk/example/system/amp/openamp_for_linux/build/lib_letter_shell.a(shell.o)
                0x00000000b0106360                shellToHex
 .text.shellGetCommandName
                0x00000000b01063a4       0x60 /home/wang/phytium-dev-linux-x64/phytium-free-rtos-sdk/example/system/amp/openamp_for_linux/build/lib_letter_shell.a(shell.o)
 .text.shellToDec
                0x00000000b0106404       0x7c /home/wang/phytium-dev-linux-x64/phytium-free-rtos-sdk/example/system/amp/openamp_for_linux/build/lib_letter_shell.a(shell.o)
                0x00000000b0106404                shellToDec
 .text.shellWriteReturnValue
                0x00000000b0106480       0xc0 /home/wang/phytium-dev-linux-x64/phytium-free-rtos-sdk/example/system/amp/openamp_for_linux/build/lib_letter_shell.a(shell.o)
 .text.shellListItem
                0x00000000b0106540      0x1b0 /home/wang/phytium-dev-linux-x64/phytium-free-rtos-sdk/example/system/amp/openamp_for_linux/build/lib_letter_shell.a(shell.o)
                0x00000000b0106540                shellListItem
 .text.shellListCommand
                0x00000000b01066f0       0x74 /home/wang/phytium-dev-linux-x64/phytium-free-rtos-sdk/example/system/amp/openamp_for_linux/build/lib_letter_shell.a(shell.o)
                0x00000000b01066f0                shellListCommand
 .text.shellCmds
                0x00000000b0106764       0x1c /home/wang/phytium-dev-linux-x64/phytium-free-rtos-sdk/example/system/amp/openamp_for_linux/build/lib_letter_shell.a(shell.o)
                0x00000000b0106764                shellCmds
 .text.shellListVar
                0x00000000b0106780       0x78 /home/wang/phytium-dev-linux-x64/phytium-free-rtos-sdk/example/system/amp/openamp_for_linux/build/lib_letter_shell.a(shell.o)
                0x00000000b0106780                shellListVar
 .text.shellVars
                0x00000000b01067f8       0x1c /home/wang/phytium-dev-linux-x64/phytium-free-rtos-sdk/example/system/amp/openamp_for_linux/build/lib_letter_shell.a(shell.o)
                0x00000000b01067f8                shellVars
 .text.shellListUser
                0x00000000b0106814       0x70 /home/wang/phytium-dev-linux-x64/phytium-free-rtos-sdk/example/system/amp/openamp_for_linux/build/lib_letter_shell.a(shell.o)
                0x00000000b0106814                shellListUser
 .text.shellUsers
                0x00000000b0106884       0x1c /home/wang/phytium-dev-linux-x64/phytium-free-rtos-sdk/example/system/amp/openamp_for_linux/build/lib_letter_shell.a(shell.o)
                0x00000000b0106884                shellUsers
 .text.shellListKey
                0x00000000b01068a0       0x70 /home/wang/phytium-dev-linux-x64/phytium-free-rtos-sdk/example/system/amp/openamp_for_linux/build/lib_letter_shell.a(shell.o)
                0x00000000b01068a0                shellListKey
 .text.shellKeys
                0x00000000b0106910       0x1c /home/wang/phytium-dev-linux-x64/phytium-free-rtos-sdk/example/system/amp/openamp_for_linux/build/lib_letter_shell.a(shell.o)
                0x00000000b0106910                shellKeys
 .text.shellDeleteCommandLine
                0x00000000b010692c       0x40 /home/wang/phytium-dev-linux-x64/phytium-free-rtos-sdk/example/system/amp/openamp_for_linux/build/lib_letter_shell.a(shell.o)
                0x00000000b010692c                shellDeleteCommandLine
 .text.shellClearCommandLine
                0x00000000b010696c       0x4c /home/wang/phytium-dev-linux-x64/phytium-free-rtos-sdk/example/system/amp/openamp_for_linux/build/lib_letter_shell.a(shell.o)
                0x00000000b010696c                shellClearCommandLine
 .text.shellUp  0x00000000b01069b8       0x98 /home/wang/phytium-dev-linux-x64/phytium-free-rtos-sdk/example/system/amp/openamp_for_linux/build/lib_letter_shell.a(shell.o)
                0x00000000b01069b8                shellUp
 .text.shellTab
                0x00000000b0106a50      0x208 /home/wang/phytium-dev-linux-x64/phytium-free-rtos-sdk/example/system/amp/openamp_for_linux/build/lib_letter_shell.a(shell.o)
                0x00000000b0106a50                shellTab
 .text.shellDown
                0x00000000b0106c58       0x88 /home/wang/phytium-dev-linux-x64/phytium-free-rtos-sdk/example/system/amp/openamp_for_linux/build/lib_letter_shell.a(shell.o)
                0x00000000b0106c58                shellDown
 .text.shellDeleteByte
                0x00000000b0106ce0      0x144 /home/wang/phytium-dev-linux-x64/phytium-free-rtos-sdk/example/system/amp/openamp_for_linux/build/lib_letter_shell.a(shell.o)
                0x00000000b0106ce0                shellDeleteByte
 .text.shellBackspace
                0x00000000b0106e24        0x8 /home/wang/phytium-dev-linux-x64/phytium-free-rtos-sdk/example/system/amp/openamp_for_linux/build/lib_letter_shell.a(shell.o)
                0x00000000b0106e24                shellBackspace
 .text.shellDelete
                0x00000000b0106e2c        0x8 /home/wang/phytium-dev-linux-x64/phytium-free-rtos-sdk/example/system/amp/openamp_for_linux/build/lib_letter_shell.a(shell.o)
                0x00000000b0106e2c                shellDelete
 .text.shellSeekCommand
                0x00000000b0106e34       0xc0 /home/wang/phytium-dev-linux-x64/phytium-free-rtos-sdk/example/system/amp/openamp_for_linux/build/lib_letter_shell.a(shell.o)
                0x00000000b0106e34                shellSeekCommand
 .text.shellHelp
                0x00000000b0106ef4       0xa4 /home/wang/phytium-dev-linux-x64/phytium-free-rtos-sdk/example/system/amp/openamp_for_linux/build/lib_letter_shell.a(shell.o)
                0x00000000b0106ef4                shellHelp
 .text.shellGetVarValue
                0x00000000b0106f98       0x78 /home/wang/phytium-dev-linux-x64/phytium-free-rtos-sdk/example/system/amp/openamp_for_linux/build/lib_letter_shell.a(shell.o)
                0x00000000b0106f98                shellGetVarValue
 .text.shellShowVar
                0x00000000b0107010      0x10c /home/wang/phytium-dev-linux-x64/phytium-free-rtos-sdk/example/system/amp/openamp_for_linux/build/lib_letter_shell.a(shell.o)
 .text.shellSetVarValue
                0x00000000b010711c       0xd0 /home/wang/phytium-dev-linux-x64/phytium-free-rtos-sdk/example/system/amp/openamp_for_linux/build/lib_letter_shell.a(shell.o)
                0x00000000b010711c                shellSetVarValue
 .text.shellSetVar
                0x00000000b01071ec       0x98 /home/wang/phytium-dev-linux-x64/phytium-free-rtos-sdk/example/system/amp/openamp_for_linux/build/lib_letter_shell.a(shell.o)
                0x00000000b01071ec                shellSetVar
 .text.shellExec
                0x00000000b0107284      0x340 /home/wang/phytium-dev-linux-x64/phytium-free-rtos-sdk/example/system/amp/openamp_for_linux/build/lib_letter_shell.a(shell.o)
                0x00000000b0107284                shellExec
 .text.shellEnter
                0x00000000b01075c4       0x1c /home/wang/phytium-dev-linux-x64/phytium-free-rtos-sdk/example/system/amp/openamp_for_linux/build/lib_letter_shell.a(shell.o)
                0x00000000b01075c4                shellEnter
 .text.shellExtParseChar.part.0
                0x00000000b01075e0       0x54 /home/wang/phytium-dev-linux-x64/phytium-free-rtos-sdk/example/system/amp/openamp_for_linux/build/lib_letter_shell.a(shell_ext.o)
 .text.shellExtParsePara
                0x00000000b0107634      0x25c /home/wang/phytium-dev-linux-x64/phytium-free-rtos-sdk/example/system/amp/openamp_for_linux/build/lib_letter_shell.a(shell_ext.o)
                0x00000000b0107634                shellExtParsePara
 .text.shellExtRun
                0x00000000b0107890      0x19c /home/wang/phytium-dev-linux-x64/phytium-free-rtos-sdk/example/system/amp/openamp_for_linux/build/lib_letter_shell.a(shell_ext.o)
                0x00000000b0107890                shellExtRun
 .text.LSUserSetResult
                0x00000000b0107a2c        0xc /home/wang/phytium-dev-linux-x64/phytium-free-rtos-sdk/example/system/amp/openamp_for_linux/build/lib_letter_shell.a(shell_port.o)
                0x00000000b0107a2c                LSUserSetResult
 .text.LSUserIsSlient
                0x00000000b0107a38       0x14 /home/wang/phytium-dev-linux-x64/phytium-free-rtos-sdk/example/system/amp/openamp_for_linux/build/lib_letter_shell.a(shell_port.o)
                0x00000000b0107a38                LSUserIsSlient
 .text.LSUShowVersion
                0x00000000b0107a4c        0xc /home/wang/phytium-dev-linux-x64/phytium-free-rtos-sdk/example/system/amp/openamp_for_linux/build/lib_letter_shell.a(shell_port.o)
                0x00000000b0107a4c                LSUShowVersion
 .text.BootelfCmdEntry
                0x00000000b0107a58      0x184 /home/wang/phytium-dev-linux-x64/phytium-free-rtos-sdk/example/system/amp/openamp_for_linux/build/lib_letter_shell.a(cmd_bootelf.o)
 .text.LoadElfCmdEntry
                0x00000000b0107bdc       0xf0 /home/wang/phytium-dev-linux-x64/phytium-free-rtos-sdk/example/system/amp/openamp_for_linux/build/lib_letter_shell.a(cmd_codeloader.o)
 .text.EchoCmdEntry
                0x00000000b0107ccc       0x8c /home/wang/phytium-dev-linux-x64/phytium-free-rtos-sdk/example/system/amp/openamp_for_linux/build/lib_letter_shell.a(cmd_echo.o)
 .text.MdCmdEntry
                0x00000000b0107d58      0x354 /home/wang/phytium-dev-linux-x64/phytium-free-rtos-sdk/example/system/amp/openamp_for_linux/build/lib_letter_shell.a(cmd_md.o)
 .text.MwCmdEntry
                0x00000000b01080ac      0x294 /home/wang/phytium-dev-linux-x64/phytium-free-rtos-sdk/example/system/amp/openamp_for_linux/build/lib_letter_shell.a(cmd_mw.o)
 .text.RebootCmdEntry
                0x00000000b0108340       0x18 /home/wang/phytium-dev-linux-x64/phytium-free-rtos-sdk/example/system/amp/openamp_for_linux/build/lib_letter_shell.a(cmd_reboot.o)
                0x00000000b0108340                RebootCmdEntry
 .text.RwCmdUsage
                0x00000000b0108358       0x38 /home/wang/phytium-dev-linux-x64/phytium-free-rtos-sdk/example/system/amp/openamp_for_linux/build/lib_letter_shell.a(cmd_rw.o)
 .text.RwCmdEntry
                0x00000000b0108390      0x208 /home/wang/phytium-dev-linux-x64/phytium-free-rtos-sdk/example/system/amp/openamp_for_linux/build/lib_letter_shell.a(cmd_rw.o)
 .text.SleepCmdEntry
                0x00000000b0108598       0xe4 /home/wang/phytium-dev-linux-x64/phytium-free-rtos-sdk/example/system/amp/openamp_for_linux/build/lib_letter_shell.a(cmd_sleep.o)
 .text.VersionCmdEntry
                0x00000000b010867c       0x14 /home/wang/phytium-dev-linux-x64/phytium-free-rtos-sdk/example/system/amp/openamp_for_linux/build/lib_letter_shell.a(cmd_version.o)
 .text.DisplayTaskStats
                0x00000000b0108690       0xac /home/wang/phytium-dev-linux-x64/phytium-free-rtos-sdk/example/system/amp/openamp_for_linux/build/lib_letter_shell.a(cmd_ps.o)
 .text.openamp_version_major
                0x00000000b010873c        0x8 /home/wang/phytium-dev-linux-x64/phytium-free-rtos-sdk/example/system/amp/openamp_for_linux/build/lib_openamp.a(version.o)
                0x00000000b010873c                openamp_version_major
 .text.openamp_version_minor
                0x00000000b0108744        0x8 /home/wang/phytium-dev-linux-x64/phytium-free-rtos-sdk/example/system/amp/openamp_for_linux/build/lib_openamp.a(version.o)
                0x00000000b0108744                openamp_version_minor
 .text.openamp_version_patch
                0x00000000b010874c        0x8 /home/wang/phytium-dev-linux-x64/phytium-free-rtos-sdk/example/system/amp/openamp_for_linux/build/lib_openamp.a(version.o)
                0x00000000b010874c                openamp_version_patch
 .text.openamp_version
                0x00000000b0108754        0xc /home/wang/phytium-dev-linux-x64/phytium-free-rtos-sdk/example/system/amp/openamp_for_linux/build/lib_openamp.a(version.o)
                0x00000000b0108754                openamp_version
 .text.remoteproc_virtio_notify
                0x00000000b0108760       0x1c /home/wang/phytium-dev-linux-x64/phytium-free-rtos-sdk/example/system/amp/openamp_for_linux/build/lib_openamp.a(remoteproc.o)
 .text.__metal_mutex_acquire
                0x00000000b010877c       0x3c /home/wang/phytium-dev-linux-x64/phytium-free-rtos-sdk/example/system/amp/openamp_for_linux/build/lib_openamp.a(remoteproc.o)
 .text.remoteproc_get_mem
                0x00000000b01087b8      0x174 /home/wang/phytium-dev-linux-x64/phytium-free-rtos-sdk/example/system/amp/openamp_for_linux/build/lib_openamp.a(remoteproc.o)
 .text.metal_io_phys_to_offset
                0x00000000b010892c       0xc8 /home/wang/phytium-dev-linux-x64/phytium-free-rtos-sdk/example/system/amp/openamp_for_linux/build/lib_openamp.a(remoteproc.o)
 .text.remoteproc_init
                0x00000000b01089f4       0x60 /home/wang/phytium-dev-linux-x64/phytium-free-rtos-sdk/example/system/amp/openamp_for_linux/build/lib_openamp.a(remoteproc.o)
                0x00000000b01089f4                remoteproc_init
 .text.remoteproc_remove
                0x00000000b0108a54       0x4c /home/wang/phytium-dev-linux-x64/phytium-free-rtos-sdk/example/system/amp/openamp_for_linux/build/lib_openamp.a(remoteproc.o)
                0x00000000b0108a54                remoteproc_remove
 .text.remoteproc_get_io_with_pa
                0x00000000b0108aa0       0x44 /home/wang/phytium-dev-linux-x64/phytium-free-rtos-sdk/example/system/amp/openamp_for_linux/build/lib_openamp.a(remoteproc.o)
                0x00000000b0108aa0                remoteproc_get_io_with_pa
 .text.remoteproc_get_io_with_va
                0x00000000b0108ae4       0x44 /home/wang/phytium-dev-linux-x64/phytium-free-rtos-sdk/example/system/amp/openamp_for_linux/build/lib_openamp.a(remoteproc.o)
                0x00000000b0108ae4                remoteproc_get_io_with_va
 .text.remoteproc_set_rsc_table
                0x00000000b0108b28       0x68 /home/wang/phytium-dev-linux-x64/phytium-free-rtos-sdk/example/system/amp/openamp_for_linux/build/lib_openamp.a(remoteproc.o)
                0x00000000b0108b28                remoteproc_set_rsc_table
 .text.remoteproc_mmap
                0x00000000b0108b90      0x15c /home/wang/phytium-dev-linux-x64/phytium-free-rtos-sdk/example/system/amp/openamp_for_linux/build/lib_openamp.a(remoteproc.o)
                0x00000000b0108b90                remoteproc_mmap
 .text.remoteproc_allocate_id
                0x00000000b0108cec       0x74 /home/wang/phytium-dev-linux-x64/phytium-free-rtos-sdk/example/system/amp/openamp_for_linux/build/lib_openamp.a(remoteproc.o)
                0x00000000b0108cec                remoteproc_allocate_id
 .text.remoteproc_remove_virtio
                0x00000000b0108d60       0x48 /home/wang/phytium-dev-linux-x64/phytium-free-rtos-sdk/example/system/amp/openamp_for_linux/build/lib_openamp.a(remoteproc.o)
                0x00000000b0108d60                remoteproc_remove_virtio
 .text.remoteproc_create_virtio
                0x00000000b0108da8      0x1c4 /home/wang/phytium-dev-linux-x64/phytium-free-rtos-sdk/example/system/amp/openamp_for_linux/build/lib_openamp.a(remoteproc.o)
                0x00000000b0108da8                remoteproc_create_virtio
 .text.remoteproc_get_notification
                0x00000000b0108f6c       0x44 /home/wang/phytium-dev-linux-x64/phytium-free-rtos-sdk/example/system/amp/openamp_for_linux/build/lib_openamp.a(remoteproc.o)
                0x00000000b0108f6c                remoteproc_get_notification
 .text.rproc_virtio_write_config
                0x00000000b0108fb0       0x7c /home/wang/phytium-dev-linux-x64/phytium-free-rtos-sdk/example/system/amp/openamp_for_linux/build/lib_openamp.a(remoteproc_virtio.o)
 .text.rproc_virtio_read_config
                0x00000000b010902c       0x50 /home/wang/phytium-dev-linux-x64/phytium-free-rtos-sdk/example/system/amp/openamp_for_linux/build/lib_openamp.a(remoteproc_virtio.o)
 .text.rproc_virtio_virtqueue_notify
                0x00000000b010907c       0x5c /home/wang/phytium-dev-linux-x64/phytium-free-rtos-sdk/example/system/amp/openamp_for_linux/build/lib_openamp.a(remoteproc_virtio.o)
 .text.metal_io_read.constprop.0
                0x00000000b01090d8       0x98 /home/wang/phytium-dev-linux-x64/phytium-free-rtos-sdk/example/system/amp/openamp_for_linux/build/lib_openamp.a(remoteproc_virtio.o)
 .text.rproc_virtio_get_dfeatures
                0x00000000b0109170       0x38 /home/wang/phytium-dev-linux-x64/phytium-free-rtos-sdk/example/system/amp/openamp_for_linux/build/lib_openamp.a(remoteproc_virtio.o)
 .text.rproc_virtio_get_features
                0x00000000b01091a8       0x4c /home/wang/phytium-dev-linux-x64/phytium-free-rtos-sdk/example/system/amp/openamp_for_linux/build/lib_openamp.a(remoteproc_virtio.o)
 .text.rproc_virtio_get_status
                0x00000000b01091f4       0x38 /home/wang/phytium-dev-linux-x64/phytium-free-rtos-sdk/example/system/amp/openamp_for_linux/build/lib_openamp.a(remoteproc_virtio.o)
 .text.metal_io_write.constprop.0
                0x00000000b010922c       0x94 /home/wang/phytium-dev-linux-x64/phytium-free-rtos-sdk/example/system/amp/openamp_for_linux/build/lib_openamp.a(remoteproc_virtio.o)
 .text.rproc_virtio_set_status
                0x00000000b01092c0       0x50 /home/wang/phytium-dev-linux-x64/phytium-free-rtos-sdk/example/system/amp/openamp_for_linux/build/lib_openamp.a(remoteproc_virtio.o)
 .text.rproc_virtio_reset_device
                0x00000000b0109310       0x14 /home/wang/phytium-dev-linux-x64/phytium-free-rtos-sdk/example/system/amp/openamp_for_linux/build/lib_openamp.a(remoteproc_virtio.o)
 .text.rproc_virtio_set_features
                0x00000000b0109324       0x50 /home/wang/phytium-dev-linux-x64/phytium-free-rtos-sdk/example/system/amp/openamp_for_linux/build/lib_openamp.a(remoteproc_virtio.o)
 .text.rproc_virtio_negotiate_features
                0x00000000b0109374       0x30 /home/wang/phytium-dev-linux-x64/phytium-free-rtos-sdk/example/system/amp/openamp_for_linux/build/lib_openamp.a(remoteproc_virtio.o)
 .text.rproc_virtio_create_vdev
                0x00000000b01093a4      0x194 /home/wang/phytium-dev-linux-x64/phytium-free-rtos-sdk/example/system/amp/openamp_for_linux/build/lib_openamp.a(remoteproc_virtio.o)
                0x00000000b01093a4                rproc_virtio_create_vdev
 .text.rproc_virtio_remove_vdev
                0x00000000b0109538       0x64 /home/wang/phytium-dev-linux-x64/phytium-free-rtos-sdk/example/system/amp/openamp_for_linux/build/lib_openamp.a(remoteproc_virtio.o)
                0x00000000b0109538                rproc_virtio_remove_vdev
 .text.rproc_virtio_init_vring
                0x00000000b010959c       0x3c /home/wang/phytium-dev-linux-x64/phytium-free-rtos-sdk/example/system/amp/openamp_for_linux/build/lib_openamp.a(remoteproc_virtio.o)
                0x00000000b010959c                rproc_virtio_init_vring
 .text.rproc_virtio_notified
                0x00000000b01095d8       0x84 /home/wang/phytium-dev-linux-x64/phytium-free-rtos-sdk/example/system/amp/openamp_for_linux/build/lib_openamp.a(remoteproc_virtio.o)
                0x00000000b01095d8                rproc_virtio_notified
 .text.rproc_virtio_wait_remote_ready
                0x00000000b010965c       0x2c /home/wang/phytium-dev-linux-x64/phytium-free-rtos-sdk/example/system/amp/openamp_for_linux/build/lib_openamp.a(remoteproc_virtio.o)
                0x00000000b010965c                rproc_virtio_wait_remote_ready
 .text.handle_trace_rsc
                0x00000000b0109688       0x28 /home/wang/phytium-dev-linux-x64/phytium-free-rtos-sdk/example/system/amp/openamp_for_linux/build/lib_openamp.a(rsc_table_parser.o)
                0x00000000b0109688                handle_trace_rsc
 .text.handle_dummy_rsc
                0x00000000b01096b0        0x8 /home/wang/phytium-dev-linux-x64/phytium-free-rtos-sdk/example/system/amp/openamp_for_linux/build/lib_openamp.a(rsc_table_parser.o)
 .text.handle_carve_out_rsc
                0x00000000b01096b8       0x58 /home/wang/phytium-dev-linux-x64/phytium-free-rtos-sdk/example/system/amp/openamp_for_linux/build/lib_openamp.a(rsc_table_parser.o)
                0x00000000b01096b8                handle_carve_out_rsc
 .text.handle_vdev_rsc
                0x00000000b0109710       0x88 /home/wang/phytium-dev-linux-x64/phytium-free-rtos-sdk/example/system/amp/openamp_for_linux/build/lib_openamp.a(rsc_table_parser.o)
                0x00000000b0109710                handle_vdev_rsc
 .text.handle_vendor_rsc
                0x00000000b0109798       0x24 /home/wang/phytium-dev-linux-x64/phytium-free-rtos-sdk/example/system/amp/openamp_for_linux/build/lib_openamp.a(rsc_table_parser.o)
                0x00000000b0109798                handle_vendor_rsc
 .text.handle_rsc_table
                0x00000000b01097bc      0x104 /home/wang/phytium-dev-linux-x64/phytium-free-rtos-sdk/example/system/amp/openamp_for_linux/build/lib_openamp.a(rsc_table_parser.o)
                0x00000000b01097bc                handle_rsc_table
 .text.find_rsc
                0x00000000b01098c0       0x74 /home/wang/phytium-dev-linux-x64/phytium-free-rtos-sdk/example/system/amp/openamp_for_linux/build/lib_openamp.a(rsc_table_parser.o)
                0x00000000b01098c0                find_rsc
 .text.rpmsg_unregister_endpoint
                0x00000000b0109934       0xa0 /home/wang/phytium-dev-linux-x64/phytium-free-rtos-sdk/example/system/amp/openamp_for_linux/build/lib_openamp.a(rpmsg.o)
 .text.rpmsg_send_offchannel_raw
                0x00000000b01099d4       0x30 /home/wang/phytium-dev-linux-x64/phytium-free-rtos-sdk/example/system/amp/openamp_for_linux/build/lib_openamp.a(rpmsg.o)
                0x00000000b01099d4                rpmsg_send_offchannel_raw
 .text.rpmsg_send_ns_message
                0x00000000b0109a04       0x4c /home/wang/phytium-dev-linux-x64/phytium-free-rtos-sdk/example/system/amp/openamp_for_linux/build/lib_openamp.a(rpmsg.o)
                0x00000000b0109a04                rpmsg_send_ns_message
 .text.rpmsg_get_endpoint
                0x00000000b0109a50       0xc0 /home/wang/phytium-dev-linux-x64/phytium-free-rtos-sdk/example/system/amp/openamp_for_linux/build/lib_openamp.a(rpmsg.o)
                0x00000000b0109a50                rpmsg_get_endpoint
 .text.rpmsg_register_endpoint
                0x00000000b0109b10       0x20 /home/wang/phytium-dev-linux-x64/phytium-free-rtos-sdk/example/system/amp/openamp_for_linux/build/lib_openamp.a(rpmsg.o)
                0x00000000b0109b10                rpmsg_register_endpoint
 .text.rpmsg_create_ept
                0x00000000b0109b30      0x19c /home/wang/phytium-dev-linux-x64/phytium-free-rtos-sdk/example/system/amp/openamp_for_linux/build/lib_openamp.a(rpmsg.o)
                0x00000000b0109b30                rpmsg_create_ept
 .text.rpmsg_destroy_ept
                0x00000000b0109ccc       0x50 /home/wang/phytium-dev-linux-x64/phytium-free-rtos-sdk/example/system/amp/openamp_for_linux/build/lib_openamp.a(rpmsg.o)
                0x00000000b0109ccc                rpmsg_destroy_ept
 .text.rpmsg_virtio_hold_rx_buffer
                0x00000000b0109d1c       0x10 /home/wang/phytium-dev-linux-x64/phytium-free-rtos-sdk/example/system/amp/openamp_for_linux/build/lib_openamp.a(rpmsg_virtio.o)
 .text.rpmsg_virtio_tx_callback
                0x00000000b0109d2c        0x4 /home/wang/phytium-dev-linux-x64/phytium-free-rtos-sdk/example/system/amp/openamp_for_linux/build/lib_openamp.a(rpmsg_virtio.o)
 .text.__metal_mutex_acquire
                0x00000000b0109d30       0x3c /home/wang/phytium-dev-linux-x64/phytium-free-rtos-sdk/example/system/amp/openamp_for_linux/build/lib_openamp.a(rpmsg_virtio.o)
 .text.rpmsg_virtio_ns_callback
                0x00000000b0109d6c       0xe0 /home/wang/phytium-dev-linux-x64/phytium-free-rtos-sdk/example/system/amp/openamp_for_linux/build/lib_openamp.a(rpmsg_virtio.o)
 .text.rpmsg_virtio_return_buffer
                0x00000000b0109e4c       0x88 /home/wang/phytium-dev-linux-x64/phytium-free-rtos-sdk/example/system/amp/openamp_for_linux/build/lib_openamp.a(rpmsg_virtio.o)
 .text.rpmsg_virtio_release_rx_buffer
                0x00000000b0109ed4       0x50 /home/wang/phytium-dev-linux-x64/phytium-free-rtos-sdk/example/system/amp/openamp_for_linux/build/lib_openamp.a(rpmsg_virtio.o)
 .text.rpmsg_virtio_send_offchannel_nocopy
                0x00000000b0109f24      0x10c /home/wang/phytium-dev-linux-x64/phytium-free-rtos-sdk/example/system/amp/openamp_for_linux/build/lib_openamp.a(rpmsg_virtio.o)
 .text.rpmsg_virtio_get_rx_buffer
                0x00000000b010a030       0x38 /home/wang/phytium-dev-linux-x64/phytium-free-rtos-sdk/example/system/amp/openamp_for_linux/build/lib_openamp.a(rpmsg_virtio.o)
 .text.rpmsg_virtio_rx_callback
                0x00000000b010a068      0x11c /home/wang/phytium-dev-linux-x64/phytium-free-rtos-sdk/example/system/amp/openamp_for_linux/build/lib_openamp.a(rpmsg_virtio.o)
 .text.rpmsg_virtio_shm_pool_get_buffer
                0x00000000b010a184       0x34 /home/wang/phytium-dev-linux-x64/phytium-free-rtos-sdk/example/system/amp/openamp_for_linux/build/lib_openamp.a(rpmsg_virtio.o)
                0x00000000b010a184                rpmsg_virtio_shm_pool_get_buffer
 .text.rpmsg_virtio_get_tx_payload_buffer
                0x00000000b010a1b8      0x11c /home/wang/phytium-dev-linux-x64/phytium-free-rtos-sdk/example/system/amp/openamp_for_linux/build/lib_openamp.a(rpmsg_virtio.o)
 .text.rpmsg_virtio_send_offchannel_raw
                0x00000000b010a2d4       0x84 /home/wang/phytium-dev-linux-x64/phytium-free-rtos-sdk/example/system/amp/openamp_for_linux/build/lib_openamp.a(rpmsg_virtio.o)
 .text.rpmsg_virtio_init_shm_pool
                0x00000000b010a358       0x10 /home/wang/phytium-dev-linux-x64/phytium-free-rtos-sdk/example/system/amp/openamp_for_linux/build/lib_openamp.a(rpmsg_virtio.o)
                0x00000000b010a358                rpmsg_virtio_init_shm_pool
 .text.rpmsg_init_vdev
                0x00000000b010a368      0x304 /home/wang/phytium-dev-linux-x64/phytium-free-rtos-sdk/example/system/amp/openamp_for_linux/build/lib_openamp.a(rpmsg_virtio.o)
                0x00000000b010a368                rpmsg_init_vdev
 .text.rpmsg_deinit_vdev
                0x00000000b010a66c       0x2c /home/wang/phytium-dev-linux-x64/phytium-free-rtos-sdk/example/system/amp/openamp_for_linux/build/lib_openamp.a(rpmsg_virtio.o)
                0x00000000b010a66c                rpmsg_deinit_vdev
 .text.virtio_create_virtqueues
                0x00000000b010a698      0x108 /home/wang/phytium-dev-linux-x64/phytium-free-rtos-sdk/example/system/amp/openamp_for_linux/build/lib_openamp.a(virtio.o)
                0x00000000b010a698                virtio_create_virtqueues
 .text.virtqueue_create
                0x00000000b010a7a0       0x98 /home/wang/phytium-dev-linux-x64/phytium-free-rtos-sdk/example/system/amp/openamp_for_linux/build/lib_openamp.a(virtqueue.o)
                0x00000000b010a7a0                virtqueue_create
 .text.virtqueue_add_buffer
                0x00000000b010a838      0x1a4 /home/wang/phytium-dev-linux-x64/phytium-free-rtos-sdk/example/system/amp/openamp_for_linux/build/lib_openamp.a(virtqueue.o)
                0x00000000b010a838                virtqueue_add_buffer
 .text.virtqueue_get_buffer
                0x00000000b010a9dc      0x114 /home/wang/phytium-dev-linux-x64/phytium-free-rtos-sdk/example/system/amp/openamp_for_linux/build/lib_openamp.a(virtqueue.o)
                0x00000000b010a9dc                virtqueue_get_buffer
 .text.virtqueue_get_buffer_length
                0x00000000b010aaf0       0x3c /home/wang/phytium-dev-linux-x64/phytium-free-rtos-sdk/example/system/amp/openamp_for_linux/build/lib_openamp.a(virtqueue.o)
                0x00000000b010aaf0                virtqueue_get_buffer_length
 .text.virtqueue_get_available_buffer
                0x00000000b010ab2c       0xbc /home/wang/phytium-dev-linux-x64/phytium-free-rtos-sdk/example/system/amp/openamp_for_linux/build/lib_openamp.a(virtqueue.o)
                0x00000000b010ab2c                virtqueue_get_available_buffer
 .text.virtqueue_add_consumed_buffer
                0x00000000b010abe8       0x8c /home/wang/phytium-dev-linux-x64/phytium-free-rtos-sdk/example/system/amp/openamp_for_linux/build/lib_openamp.a(virtqueue.o)
                0x00000000b010abe8                virtqueue_add_consumed_buffer
 .text.virtqueue_disable_cb
                0x00000000b010ac74       0xf8 /home/wang/phytium-dev-linux-x64/phytium-free-rtos-sdk/example/system/amp/openamp_for_linux/build/lib_openamp.a(virtqueue.o)
                0x00000000b010ac74                virtqueue_disable_cb
 .text.virtqueue_kick
                0x00000000b010ad6c      0x10c /home/wang/phytium-dev-linux-x64/phytium-free-rtos-sdk/example/system/amp/openamp_for_linux/build/lib_openamp.a(virtqueue.o)
                0x00000000b010ad6c                virtqueue_kick
 .text.virtqueue_notification
                0x00000000b010ae78       0x18 /home/wang/phytium-dev-linux-x64/phytium-free-rtos-sdk/example/system/amp/openamp_for_linux/build/lib_openamp.a(virtqueue.o)
                0x00000000b010ae78                virtqueue_notification
 .text.system_metal_logger
                0x00000000b010ae90       0xbc /home/wang/phytium-dev-linux-x64/phytium-free-rtos-sdk/example/system/amp/openamp_for_linux/build/lib_openamp.a(helper.o)
 .text.init_system
                0x00000000b010af4c       0x28 /home/wang/phytium-dev-linux-x64/phytium-free-rtos-sdk/example/system/amp/openamp_for_linux/build/lib_openamp.a(helper.o)
                0x00000000b010af4c                init_system
 .text.cleanup_system
                0x00000000b010af74       0x14 /home/wang/phytium-dev-linux-x64/phytium-free-rtos-sdk/example/system/amp/openamp_for_linux/build/lib_openamp.a(helper.o)
                0x00000000b010af74                cleanup_system
 .text.PhytiumProcStop
                0x00000000b010af88        0x8 /home/wang/phytium-dev-linux-x64/phytium-free-rtos-sdk/example/system/amp/openamp_for_linux/build/lib_openamp.a(phytium_os_rproc.o)
 .text.PhytiumProcNotify
                0x00000000b010af90       0x38 /home/wang/phytium-dev-linux-x64/phytium-free-rtos-sdk/example/system/amp/openamp_for_linux/build/lib_openamp.a(phytium_os_rproc.o)
 .text.PhytiumProcShutdown
                0x00000000b010afc8       0x58 /home/wang/phytium-dev-linux-x64/phytium-free-rtos-sdk/example/system/amp/openamp_for_linux/build/lib_openamp.a(phytium_os_rproc.o)
 .text.Phytium_rproc_start
                0x00000000b010b020       0x64 /home/wang/phytium-dev-linux-x64/phytium-free-rtos-sdk/example/system/amp/openamp_for_linux/build/lib_openamp.a(phytium_os_rproc.o)
 .text.PhytiumProcMmap
                0x00000000b010b084      0x1dc /home/wang/phytium-dev-linux-x64/phytium-free-rtos-sdk/example/system/amp/openamp_for_linux/build/lib_openamp.a(phytium_os_rproc.o)
 .text.PhytiumProcRemove
                0x00000000b010b260       0x54 /home/wang/phytium-dev-linux-x64/phytium-free-rtos-sdk/example/system/amp/openamp_for_linux/build/lib_openamp.a(phytium_os_rproc.o)
 .text.PhytiumProcInit
                0x00000000b010b2b4      0x144 /home/wang/phytium-dev-linux-x64/phytium-free-rtos-sdk/example/system/amp/openamp_for_linux/build/lib_openamp.a(phytium_os_rproc.o)
 .text.PhytiumIrqhandler
                0x00000000b010b3f8       0x34 /home/wang/phytium-dev-linux-x64/phytium-free-rtos-sdk/example/system/amp/openamp_for_linux/build/lib_openamp.a(phytium_os_rproc.o)
 .text.platform_init
                0x00000000b010b42c      0x1ac /home/wang/phytium-dev-linux-x64/phytium-free-rtos-sdk/example/system/amp/openamp_for_linux/build/lib_openamp.a(platform_info.o)
                0x00000000b010b42c                platform_init
 .text.platform_create_rpmsg_vdev
                0x00000000b010b5d8      0x294 /home/wang/phytium-dev-linux-x64/phytium-free-rtos-sdk/example/system/amp/openamp_for_linux/build/lib_openamp.a(platform_info.o)
                0x00000000b010b5d8                platform_create_rpmsg_vdev
 .text.platform_poll_loop
                0x00000000b010b86c       0x5c /home/wang/phytium-dev-linux-x64/phytium-free-rtos-sdk/example/system/amp/openamp_for_linux/build/lib_openamp.a(platform_info.o)
                0x00000000b010b86c                platform_poll_loop
 .text.platform_release_rpmsg_vdev
                0x00000000b010b8c8       0x28 /home/wang/phytium-dev-linux-x64/phytium-free-rtos-sdk/example/system/amp/openamp_for_linux/build/lib_openamp.a(platform_info.o)
                0x00000000b010b8c8                platform_release_rpmsg_vdev
 .text.platform_cleanup
                0x00000000b010b8f0       0x28 /home/wang/phytium-dev-linux-x64/phytium-free-rtos-sdk/example/system/amp/openamp_for_linux/build/lib_openamp.a(platform_info.o)
                0x00000000b010b8f0                platform_cleanup
 .text.metal_generic_dev_open
                0x00000000b010b918       0x70 /home/wang/phytium-dev-linux-x64/phytium-free-rtos-sdk/example/system/amp/openamp_for_linux/build/lib_libmetal.a(device.o)
                0x00000000b010b918                metal_generic_dev_open
 .text.metal_generic_dev_dma_map
                0x00000000b010b988       0x7c /home/wang/phytium-dev-linux-x64/phytium-free-rtos-sdk/example/system/amp/openamp_for_linux/build/lib_libmetal.a(device.o)
                0x00000000b010b988                metal_generic_dev_dma_map
 .text.metal_generic_dev_dma_unmap
                0x00000000b010ba04       0x3c /home/wang/phytium-dev-linux-x64/phytium-free-rtos-sdk/example/system/amp/openamp_for_linux/build/lib_libmetal.a(device.o)
                0x00000000b010ba04                metal_generic_dev_dma_unmap
 .text.metal_bus_unregister
                0x00000000b010ba40       0x68 /home/wang/phytium-dev-linux-x64/phytium-free-rtos-sdk/example/system/amp/openamp_for_linux/build/lib_libmetal.a(device.o)
                0x00000000b010ba40                metal_bus_unregister
 .text.metal_bus_find
                0x00000000b010baa8       0x64 /home/wang/phytium-dev-linux-x64/phytium-free-rtos-sdk/example/system/amp/openamp_for_linux/build/lib_libmetal.a(device.o)
                0x00000000b010baa8                metal_bus_find
 .text.metal_bus_register
                0x00000000b010bb0c       0xa4 /home/wang/phytium-dev-linux-x64/phytium-free-rtos-sdk/example/system/amp/openamp_for_linux/build/lib_libmetal.a(device.o)
                0x00000000b010bb0c                metal_bus_register
 .text.metal_device_open
                0x00000000b010bbb0       0x80 /home/wang/phytium-dev-linux-x64/phytium-free-rtos-sdk/example/system/amp/openamp_for_linux/build/lib_libmetal.a(device.o)
                0x00000000b010bbb0                metal_device_open
 .text.metal_device_close
                0x00000000b010bc30       0x48 /home/wang/phytium-dev-linux-x64/phytium-free-rtos-sdk/example/system/amp/openamp_for_linux/build/lib_libmetal.a(device.o)
                0x00000000b010bc30                metal_device_close
 .text.metal_register_generic_device
                0x00000000b010bc78       0x6c /home/wang/phytium-dev-linux-x64/phytium-free-rtos-sdk/example/system/amp/openamp_for_linux/build/lib_libmetal.a(device.o)
                0x00000000b010bc78                metal_register_generic_device
 .text.metal_init
                0x00000000b010bce4       0x68 /home/wang/phytium-dev-linux-x64/phytium-free-rtos-sdk/example/system/amp/openamp_for_linux/build/lib_libmetal.a(init.o)
                0x00000000b010bce4                metal_init
 .text.metal_finish
                0x00000000b010bd4c       0x20 /home/wang/phytium-dev-linux-x64/phytium-free-rtos-sdk/example/system/amp/openamp_for_linux/build/lib_libmetal.a(init.o)
                0x00000000b010bd4c                metal_finish
 .text.metal_io_init
                0x00000000b010bd6c       0x68 /home/wang/phytium-dev-linux-x64/phytium-free-rtos-sdk/example/system/amp/openamp_for_linux/build/lib_libmetal.a(io.o)
                0x00000000b010bd6c                metal_io_init
 .text.metal_io_block_read
                0x00000000b010bdd4       0xbc /home/wang/phytium-dev-linux-x64/phytium-free-rtos-sdk/example/system/amp/openamp_for_linux/build/lib_libmetal.a(io.o)
                0x00000000b010bdd4                metal_io_block_read
 .text.metal_io_block_write
                0x00000000b010be90       0xbc /home/wang/phytium-dev-linux-x64/phytium-free-rtos-sdk/example/system/amp/openamp_for_linux/build/lib_libmetal.a(io.o)
                0x00000000b010be90                metal_io_block_write
 .text.metal_io_block_set
                0x00000000b010bf4c       0xcc /home/wang/phytium-dev-linux-x64/phytium-free-rtos-sdk/example/system/amp/openamp_for_linux/build/lib_libmetal.a(io.o)
                0x00000000b010bf4c                metal_io_block_set
 .text.metal_ver_major
                0x00000000b010c018        0x8 /home/wang/phytium-dev-linux-x64/phytium-free-rtos-sdk/example/system/amp/openamp_for_linux/build/lib_libmetal.a(version.o)
                0x00000000b010c018                metal_ver_major
 .text.metal_ver_minor
                0x00000000b010c020        0x8 /home/wang/phytium-dev-linux-x64/phytium-free-rtos-sdk/example/system/amp/openamp_for_linux/build/lib_libmetal.a(version.o)
                0x00000000b010c020                metal_ver_minor
 .text.metal_ver_patch
                0x00000000b010c028        0x8 /home/wang/phytium-dev-linux-x64/phytium-free-rtos-sdk/example/system/amp/openamp_for_linux/build/lib_libmetal.a(version.o)
                0x00000000b010c028                metal_ver_patch
 .text.metal_ver
                0x00000000b010c030        0xc /home/wang/phytium-dev-linux-x64/phytium-free-rtos-sdk/example/system/amp/openamp_for_linux/build/lib_libmetal.a(version.o)
                0x00000000b010c030                metal_ver
 .text.sys_irq_restore_enable
                0x00000000b010c03c       0x10 /home/wang/phytium-dev-linux-x64/phytium-free-rtos-sdk/example/system/amp/openamp_for_linux/build/lib_libmetal.a(sys.o)
                0x00000000b010c03c                sys_irq_restore_enable
 .text.sys_irq_save_disable
                0x00000000b010c04c       0x14 /home/wang/phytium-dev-linux-x64/phytium-free-rtos-sdk/example/system/amp/openamp_for_linux/build/lib_libmetal.a(sys.o)
                0x00000000b010c04c                sys_irq_save_disable
 .text.metal_machine_cache_flush
                0x00000000b010c060       0x18 /home/wang/phytium-dev-linux-x64/phytium-free-rtos-sdk/example/system/amp/openamp_for_linux/build/lib_libmetal.a(sys.o)
                0x00000000b010c060                metal_machine_cache_flush
 .text.metal_machine_cache_invalidate
                0x00000000b010c078       0x18 /home/wang/phytium-dev-linux-x64/phytium-free-rtos-sdk/example/system/amp/openamp_for_linux/build/lib_libmetal.a(sys.o)
                0x00000000b010c078                metal_machine_cache_invalidate
 .text.metal_machine_io_mem_map
                0x00000000b010c090       0x28 /home/wang/phytium-dev-linux-x64/phytium-free-rtos-sdk/example/system/amp/openamp_for_linux/build/lib_libmetal.a(sys.o)
                0x00000000b010c090                metal_machine_io_mem_map
 .text.metal_generic_dev_sys_open
                0x00000000b010c0b8       0x34 /home/wang/phytium-dev-linux-x64/phytium-free-rtos-sdk/example/system/amp/openamp_for_linux/build/lib_libmetal.a(device.o)
                0x00000000b010c0b8                metal_generic_dev_sys_open
 .text.metal_sys_init
                0x00000000b010c0ec       0x1c /home/wang/phytium-dev-linux-x64/phytium-free-rtos-sdk/example/system/amp/openamp_for_linux/build/lib_libmetal.a(init.o)
                0x00000000b010c0ec                metal_sys_init
 .text.metal_sys_finish
                0x00000000b010c108        0xc /home/wang/phytium-dev-linux-x64/phytium-free-rtos-sdk/example/system/amp/openamp_for_linux/build/lib_libmetal.a(init.o)
                0x00000000b010c108                metal_sys_finish
 .text.metal_sys_io_mem_map
                0x00000000b010c114       0x74 /home/wang/phytium-dev-linux-x64/phytium-free-rtos-sdk/example/system/amp/openamp_for_linux/build/lib_libmetal.a(io.o)
                0x00000000b010c114                metal_sys_io_mem_map
 .text.metal_irq_save_disable
                0x00000000b010c188        0x4 /home/wang/phytium-dev-linux-x64/phytium-free-rtos-sdk/example/system/amp/openamp_for_linux/build/lib_libmetal.a(irq.o)
                0x00000000b010c188                metal_irq_save_disable
 .text.metal_irq_restore_enable
                0x00000000b010c18c        0x4 /home/wang/phytium-dev-linux-x64/phytium-free-rtos-sdk/example/system/amp/openamp_for_linux/build/lib_libmetal.a(irq.o)
                0x00000000b010c18c                metal_irq_restore_enable
 .text.startup.main
                0x00000000b010c190       0x84 /home/wang/phytium-dev-linux-x64/phytium-free-rtos-sdk/example/system/amp/openamp_for_linux/build/libuser.a(main.o)
                0x00000000b010c190                main
 .text.MotorEncorderAIrq
                0x00000000b010c214       0x4c /home/wang/phytium-dev-linux-x64/phytium-free-rtos-sdk/example/system/amp/openamp_for_linux/build/libuser.a(car.o)
 .text.Motor_PI_Control
                0x00000000b010c260       0x88 /home/wang/phytium-dev-linux-x64/phytium-free-rtos-sdk/example/system/amp/openamp_for_linux/build/libuser.a(car.o)
                0x00000000b010c260                Motor_PI_Control
 .text.CarControlTask
                0x00000000b010c2e8      0x1d0 /home/wang/phytium-dev-linux-x64/phytium-free-rtos-sdk/example/system/amp/openamp_for_linux/build/libuser.a(car.o)
 .text.CarGPIOInit
                0x00000000b010c4b8      0x19c /home/wang/phytium-dev-linux-x64/phytium-free-rtos-sdk/example/system/amp/openamp_for_linux/build/libuser.a(car.o)
                0x00000000b010c4b8                CarGPIOInit
 .text.CarMotorPWMInit
                0x00000000b010c654       0xb8 /home/wang/phytium-dev-linux-x64/phytium-free-rtos-sdk/example/system/amp/openamp_for_linux/build/libuser.a(car.o)
                0x00000000b010c654                CarMotorPWMInit
 .text.CarSteerPWMInit
                0x00000000b010c70c       0x88 /home/wang/phytium-dev-linux-x64/phytium-free-rtos-sdk/example/system/amp/openamp_for_linux/build/libuser.a(car.o)
                0x00000000b010c70c                CarSteerPWMInit
 .text.CarInitTask
                0x00000000b010c794       0x84 /home/wang/phytium-dev-linux-x64/phytium-free-rtos-sdk/example/system/amp/openamp_for_linux/build/libuser.a(car.o)
 .text.FFreeRTOSRunCar
                0x00000000b010c818      0x224 /home/wang/phytium-dev-linux-x64/phytium-free-rtos-sdk/example/system/amp/openamp_for_linux/build/libuser.a(car.o)
                0x00000000b010c818                FFreeRTOSRunCar
 .text.rpmsg_service_unbind
                0x00000000b010ca3c       0x38 /home/wang/phytium-dev-linux-x64/phytium-free-rtos-sdk/example/system/amp/openamp_for_linux/build/libuser.a(rpmsg-echo_os.o)
 .text.rpmsg_endpoint_cb
                0x00000000b010ca74      0x320 /home/wang/phytium-dev-linux-x64/phytium-free-rtos-sdk/example/system/amp/openamp_for_linux/build/libuser.a(rpmsg-echo_os.o)
 .text.FRpmsgEchoApp
                0x00000000b010cd94       0xd8 /home/wang/phytium-dev-linux-x64/phytium-free-rtos-sdk/example/system/amp/openamp_for_linux/build/libuser.a(rpmsg-echo_os.o)
                0x00000000b010cd94                FRpmsgEchoApp
 .text.rpmsg_echo
                0x00000000b010ce6c      0x23c /home/wang/phytium-dev-linux-x64/phytium-free-rtos-sdk/example/system/amp/openamp_for_linux/build/libuser.a(rpmsg-echo_os.o)
                0x00000000b010ce6c                rpmsg_echo
 .text.RpmsgEchoTask
                0x00000000b010d0a8       0x40 /home/wang/phytium-dev-linux-x64/phytium-free-rtos-sdk/example/system/amp/openamp_for_linux/build/libuser.a(rpmsg-echo_os.o)
                0x00000000b010d0a8                RpmsgEchoTask
 .text.rpmsg_echo_task
                0x00000000b010d0e8       0x64 /home/wang/phytium-dev-linux-x64/phytium-free-rtos-sdk/example/system/amp/openamp_for_linux/build/libuser.a(rpmsg-echo_os.o)
                0x00000000b010d0e8                rpmsg_echo_task
 .text.FIOPadSetGpioMux
                0x00000000b010d14c      0x144 /home/wang/phytium-dev-linux-x64/phytium-free-rtos-sdk/example/system/amp/openamp_for_linux/build/lib_board.a(fio_mux.o)
                0x00000000b010d14c                FIOPadSetGpioMux
 .text.FIOPadSetPwmMux
                0x00000000b010d290       0xf8 /home/wang/phytium-dev-linux-x64/phytium-free-rtos-sdk/example/system/amp/openamp_for_linux/build/lib_board.a(fio_mux.o)
                0x00000000b010d290                FIOPadSetPwmMux
 .text.FIOMuxInit
                0x00000000b010d388       0x20 /home/wang/phytium-dev-linux-x64/phytium-free-rtos-sdk/example/system/amp/openamp_for_linux/build/lib_board.a(fio_mux.o)
                0x00000000b010d388                FIOMuxInit
 .text.FIOPadSetFunc
                0x00000000b010d3a8      0x14c /home/wang/phytium-dev-linux-x64/phytium-free-rtos-sdk/example/system/amp/openamp_for_linux/build/libdrivers.a(fiopad.o)
                0x00000000b010d3a8                FIOPadSetFunc
 .text.FIOPadDeInitialize
                0x00000000b010d4f4       0x54 /home/wang/phytium-dev-linux-x64/phytium-free-rtos-sdk/example/system/amp/openamp_for_linux/build/libdrivers.a(fiopad.o)
                0x00000000b010d4f4                FIOPadDeInitialize
 .text.FIOPadCfgInitialize
                0x00000000b010d548       0xc0 /home/wang/phytium-dev-linux-x64/phytium-free-rtos-sdk/example/system/amp/openamp_for_linux/build/libdrivers.a(fiopad.o)
                0x00000000b010d548                FIOPadCfgInitialize
 .text.FIOPadLookupConfig
                0x00000000b010d608       0x4c /home/wang/phytium-dev-linux-x64/phytium-free-rtos-sdk/example/system/amp/openamp_for_linux/build/libdrivers.a(fiopad_sinit.o)
                0x00000000b010d608                FIOPadLookupConfig
 .text.FGpioWriteRegVal.part.0
                0x00000000b010d654       0x24 /home/wang/phytium-dev-linux-x64/phytium-free-rtos-sdk/example/system/amp/openamp_for_linux/build/libdrivers.a(fgpio.o)
 .text.FGpioCfgInitialize
                0x00000000b010d678       0xb0 /home/wang/phytium-dev-linux-x64/phytium-free-rtos-sdk/example/system/amp/openamp_for_linux/build/libdrivers.a(fgpio.o)
                0x00000000b010d678                FGpioCfgInitialize
 .text.FGpioPinInitialize
                0x00000000b010d728      0x188 /home/wang/phytium-dev-linux-x64/phytium-free-rtos-sdk/example/system/amp/openamp_for_linux/build/libdrivers.a(fgpio.o)
                0x00000000b010d728                FGpioPinInitialize
 .text.FGpioGetPinIrqSourceType
                0x00000000b010d8b0       0x24 /home/wang/phytium-dev-linux-x64/phytium-free-rtos-sdk/example/system/amp/openamp_for_linux/build/libdrivers.a(fgpio.o)
                0x00000000b010d8b0                FGpioGetPinIrqSourceType
 .text.FGpioSetDirection
                0x00000000b010d8d4      0x170 /home/wang/phytium-dev-linux-x64/phytium-free-rtos-sdk/example/system/amp/openamp_for_linux/build/libdrivers.a(fgpio.o)
                0x00000000b010d8d4                FGpioSetDirection
 .text.FGpioGetDirection
                0x00000000b010da44       0xec /home/wang/phytium-dev-linux-x64/phytium-free-rtos-sdk/example/system/amp/openamp_for_linux/build/libdrivers.a(fgpio.o)
                0x00000000b010da44                FGpioGetDirection
 .text.FGpioPinDeInitialize
                0x00000000b010db30      0x100 /home/wang/phytium-dev-linux-x64/phytium-free-rtos-sdk/example/system/amp/openamp_for_linux/build/libdrivers.a(fgpio.o)
                0x00000000b010db30                FGpioPinDeInitialize
 .text.FGpioSetOutputValue
                0x00000000b010dc30      0x190 /home/wang/phytium-dev-linux-x64/phytium-free-rtos-sdk/example/system/amp/openamp_for_linux/build/libdrivers.a(fgpio.o)
                0x00000000b010dc30                FGpioSetOutputValue
 .text.FGpioGetInputValue
                0x00000000b010ddc0      0x128 /home/wang/phytium-dev-linux-x64/phytium-free-rtos-sdk/example/system/amp/openamp_for_linux/build/libdrivers.a(fgpio.o)
                0x00000000b010ddc0                FGpioGetInputValue
 .text.FGpioGetInterruptMask
                0x00000000b010dee8       0xa0 /home/wang/phytium-dev-linux-x64/phytium-free-rtos-sdk/example/system/amp/openamp_for_linux/build/libdrivers.a(fgpio_intr.o)
                0x00000000b010dee8                FGpioGetInterruptMask
 .text.FGpioSetInterruptMask
                0x00000000b010df88      0x150 /home/wang/phytium-dev-linux-x64/phytium-free-rtos-sdk/example/system/amp/openamp_for_linux/build/libdrivers.a(fgpio_intr.o)
                0x00000000b010df88                FGpioSetInterruptMask
 .text.FGpioGetInterruptType
                0x00000000b010e0d8       0xa0 /home/wang/phytium-dev-linux-x64/phytium-free-rtos-sdk/example/system/amp/openamp_for_linux/build/libdrivers.a(fgpio_intr.o)
                0x00000000b010e0d8                FGpioGetInterruptType
 .text.FGpioSetInterruptType
                0x00000000b010e178      0x140 /home/wang/phytium-dev-linux-x64/phytium-free-rtos-sdk/example/system/amp/openamp_for_linux/build/libdrivers.a(fgpio_intr.o)
                0x00000000b010e178                FGpioSetInterruptType
 .text.FGpioInterruptHandler
                0x00000000b010e2b8       0xf4 /home/wang/phytium-dev-linux-x64/phytium-free-rtos-sdk/example/system/amp/openamp_for_linux/build/libdrivers.a(fgpio_intr.o)
                0x00000000b010e2b8                FGpioInterruptHandler
 .text.FGpioRegisterInterruptCB
                0x00000000b010e3ac       0x60 /home/wang/phytium-dev-linux-x64/phytium-free-rtos-sdk/example/system/amp/openamp_for_linux/build/libdrivers.a(fgpio_intr.o)
                0x00000000b010e3ac                FGpioRegisterInterruptCB
 .text.FGpioLookupConfig
                0x00000000b010e40c      0x13c /home/wang/phytium-dev-linux-x64/phytium-free-rtos-sdk/example/system/amp/openamp_for_linux/build/libdrivers.a(fgpio_sinit.o)
                0x00000000b010e40c                FGpioLookupConfig
 .text.FPwmDbReset
                0x00000000b010e548       0x98 /home/wang/phytium-dev-linux-x64/phytium-free-rtos-sdk/example/system/amp/openamp_for_linux/build/libdrivers.a(fpwm.o)
 .text.FPwmReset
                0x00000000b010e5e0       0xe0 /home/wang/phytium-dev-linux-x64/phytium-free-rtos-sdk/example/system/amp/openamp_for_linux/build/libdrivers.a(fpwm.o)
                0x00000000b010e5e0                FPwmReset
 .text.FPwmEnable
                0x00000000b010e6c0       0x9c /home/wang/phytium-dev-linux-x64/phytium-free-rtos-sdk/example/system/amp/openamp_for_linux/build/libdrivers.a(fpwm.o)
                0x00000000b010e6c0                FPwmEnable
 .text.FPwmDisable
                0x00000000b010e75c       0x98 /home/wang/phytium-dev-linux-x64/phytium-free-rtos-sdk/example/system/amp/openamp_for_linux/build/libdrivers.a(fpwm.o)
                0x00000000b010e75c                FPwmDisable
 .text.FPwmPulseSet
                0x00000000b010e7f4      0x120 /home/wang/phytium-dev-linux-x64/phytium-free-rtos-sdk/example/system/amp/openamp_for_linux/build/libdrivers.a(fpwm.o)
                0x00000000b010e7f4                FPwmPulseSet
 .text.FPwmDbPolaritySet
                0x00000000b010e914       0x90 /home/wang/phytium-dev-linux-x64/phytium-free-rtos-sdk/example/system/amp/openamp_for_linux/build/libdrivers.a(fpwm.o)
                0x00000000b010e914                FPwmDbPolaritySet
 .text.FPwmInterruptEnable
                0x00000000b010e9a4       0xa8 /home/wang/phytium-dev-linux-x64/phytium-free-rtos-sdk/example/system/amp/openamp_for_linux/build/libdrivers.a(fpwm.o)
                0x00000000b010e9a4                FPwmInterruptEnable
 .text.FPwmDbVariableSet
                0x00000000b010ea4c      0x24c /home/wang/phytium-dev-linux-x64/phytium-free-rtos-sdk/example/system/amp/openamp_for_linux/build/libdrivers.a(fpwm.o)
                0x00000000b010ea4c                FPwmDbVariableSet
 .text.FPwmDbVariableGet
                0x00000000b010ec98       0xa8 /home/wang/phytium-dev-linux-x64/phytium-free-rtos-sdk/example/system/amp/openamp_for_linux/build/libdrivers.a(fpwm.o)
                0x00000000b010ec98                FPwmDbVariableGet
 .text.FPwmVariableSet
                0x00000000b010ed40      0x394 /home/wang/phytium-dev-linux-x64/phytium-free-rtos-sdk/example/system/amp/openamp_for_linux/build/libdrivers.a(fpwm.o)
                0x00000000b010ed40                FPwmVariableSet
 .text.FPwmVariableGet
                0x00000000b010f0d4       0xf4 /home/wang/phytium-dev-linux-x64/phytium-free-rtos-sdk/example/system/amp/openamp_for_linux/build/libdrivers.a(fpwm.o)
                0x00000000b010f0d4                FPwmVariableGet
 .text.FPwmDeInitialize
                0x00000000b010f1c8       0x4c /home/wang/phytium-dev-linux-x64/phytium-free-rtos-sdk/example/system/amp/openamp_for_linux/build/libdrivers.a(fpwm.o)
                0x00000000b010f1c8                FPwmDeInitialize
 .text.FPwmCfgInitialize
                0x00000000b010f214       0xe8 /home/wang/phytium-dev-linux-x64/phytium-free-rtos-sdk/example/system/amp/openamp_for_linux/build/libdrivers.a(fpwm.o)
                0x00000000b010f214                FPwmCfgInitialize
 .text.FPwmLsdEnable
                0x00000000b010f2fc       0x60 /home/wang/phytium-dev-linux-x64/phytium-free-rtos-sdk/example/system/amp/openamp_for_linux/build/libdrivers.a(fpwm_hw.o)
                0x00000000b010f2fc                FPwmLsdEnable
 .text.FPwmLookupConfig
                0x00000000b010f35c       0x70 /home/wang/phytium-dev-linux-x64/phytium-free-rtos-sdk/example/system/amp/openamp_for_linux/build/libdrivers.a(fpwm_sinit.o)
                0x00000000b010f35c                FPwmLookupConfig
 .text.FPl011StubHandler
                0x00000000b010f3cc       0x24 /home/wang/phytium-dev-linux-x64/phytium-free-rtos-sdk/example/system/amp/openamp_for_linux/build/libdrivers.a(fpl011.o)
 .text.FPl011CfgGeneralInitialize
                0x00000000b010f3f0       0xec /home/wang/phytium-dev-linux-x64/phytium-free-rtos-sdk/example/system/amp/openamp_for_linux/build/libdrivers.a(fpl011.o)
                0x00000000b010f3f0                FPl011CfgGeneralInitialize
 .text.FPl011BlockSend
                0x00000000b010f4dc       0xd8 /home/wang/phytium-dev-linux-x64/phytium-free-rtos-sdk/example/system/amp/openamp_for_linux/build/libdrivers.a(fpl011.o)
                0x00000000b010f4dc                FPl011BlockSend
 .text.FPl011SendByte
                0x00000000b010f5b4       0x14 /home/wang/phytium-dev-linux-x64/phytium-free-rtos-sdk/example/system/amp/openamp_for_linux/build/libdrivers.a(fpl011_hw.o)
                0x00000000b010f5b4                FPl011SendByte
 .text.FPl011SetOptions
                0x00000000b010f5c8       0xbc /home/wang/phytium-dev-linux-x64/phytium-free-rtos-sdk/example/system/amp/openamp_for_linux/build/libdrivers.a(fpl011_options.o)
                0x00000000b010f5c8                FPl011SetOptions
 .text.FPl011SetSpecificOptions
                0x00000000b010f684       0x80 /home/wang/phytium-dev-linux-x64/phytium-free-rtos-sdk/example/system/amp/openamp_for_linux/build/libdrivers.a(fpl011_options.o)
                0x00000000b010f684                FPl011SetSpecificOptions
 .text.FPl011ClearSpecificOptions
                0x00000000b010f704       0x80 /home/wang/phytium-dev-linux-x64/phytium-free-rtos-sdk/example/system/amp/openamp_for_linux/build/libdrivers.a(fpl011_options.o)
                0x00000000b010f704                FPl011ClearSpecificOptions
 .text.FPl011SetBaudRate
                0x00000000b010f784       0xb4 /home/wang/phytium-dev-linux-x64/phytium-free-rtos-sdk/example/system/amp/openamp_for_linux/build/libdrivers.a(fpl011_options.o)
                0x00000000b010f784                FPl011SetBaudRate
 .text.FPl011LookupConfig
                0x00000000b010f838       0x38 /home/wang/phytium-dev-linux-x64/phytium-free-rtos-sdk/example/system/amp/openamp_for_linux/build/libdrivers.a(fpl011_sinit.o)
                0x00000000b010f838                FPl011LookupConfig
 .text.FCacheDCacheInvalidate
                0x00000000b010f870      0x108 /home/wang/phytium-dev-linux-x64/phytium-free-rtos-sdk/example/system/amp/openamp_for_linux/build/libarch.a(fcache.o)
                0x00000000b010f870                FCacheDCacheInvalidate
 .text.FCacheDCacheInvalidateRange
                0x00000000b010f978       0x38 /home/wang/phytium-dev-linux-x64/phytium-free-rtos-sdk/example/system/amp/openamp_for_linux/build/libarch.a(fcache.o)
                0x00000000b010f978                FCacheDCacheInvalidateRange
 .text.FCacheDCacheFlush
                0x00000000b010f9b0      0x108 /home/wang/phytium-dev-linux-x64/phytium-free-rtos-sdk/example/system/amp/openamp_for_linux/build/libarch.a(fcache.o)
                0x00000000b010f9b0                FCacheDCacheFlush
 .text.FCacheDCacheFlushRange
                0x00000000b010fab8       0x38 /home/wang/phytium-dev-linux-x64/phytium-free-rtos-sdk/example/system/amp/openamp_for_linux/build/libarch.a(fcache.o)
                0x00000000b010fab8                FCacheDCacheFlushRange
 .text.FCacheICacheInvalidate
                0x00000000b010faf0       0x28 /home/wang/phytium-dev-linux-x64/phytium-free-rtos-sdk/example/system/amp/openamp_for_linux/build/libarch.a(fcache.o)
                0x00000000b010faf0                FCacheICacheInvalidate
 .text.FExcDefaultErrorEndHandler
                0x00000000b010fb18        0x4 /home/wang/phytium-dev-linux-x64/phytium-free-rtos-sdk/example/system/amp/openamp_for_linux/build/libarch.a(fexception.o)
 .text.FExcPrintEcCause
                0x00000000b010fb1c      0x1b0 /home/wang/phytium-dev-linux-x64/phytium-free-rtos-sdk/example/system/amp/openamp_for_linux/build/libarch.a(fexception.o)
 .text.FExcShowRegister
                0x00000000b010fccc       0xe4 /home/wang/phytium-dev-linux-x64/phytium-free-rtos-sdk/example/system/amp/openamp_for_linux/build/libarch.a(fexception.o)
 .text.SynchronousInterrupt
                0x00000000b010fdb0       0x78 /home/wang/phytium-dev-linux-x64/phytium-free-rtos-sdk/example/system/amp/openamp_for_linux/build/libarch.a(fexception.o)
                0x00000000b010fdb0                SynchronousInterrupt
 .text.SErrorInterrupt
                0x00000000b010fe28       0x78 /home/wang/phytium-dev-linux-x64/phytium-free-rtos-sdk/example/system/amp/openamp_for_linux/build/libarch.a(fexception.o)
                0x00000000b010fe28                SErrorInterrupt
 .text.FExceptionInterruptHandler
                0x00000000b010fea0       0x40 /home/wang/phytium-dev-linux-x64/phytium-free-rtos-sdk/example/system/amp/openamp_for_linux/build/libarch.a(fexception.o)
                0x00000000b010fea0                FExceptionInterruptHandler
 .text.FIQInterrupt
                0x00000000b010fee0       0x24 /home/wang/phytium-dev-linux-x64/phytium-free-rtos-sdk/example/system/amp/openamp_for_linux/build/libarch.a(fexception.o)
                0x00000000b010fee0                FIQInterrupt
 .text.GenericTimerSetTimerValue
                0x00000000b010ff04       0x68 /home/wang/phytium-dev-linux-x64/phytium-free-rtos-sdk/example/system/amp/openamp_for_linux/build/libarch.a(fgeneric_timer.o)
                0x00000000b010ff04                GenericTimerSetTimerValue
 .text.GenericTimerInterruptEnable
                0x00000000b010ff6c       0x6c /home/wang/phytium-dev-linux-x64/phytium-free-rtos-sdk/example/system/amp/openamp_for_linux/build/libarch.a(fgeneric_timer.o)
                0x00000000b010ff6c                GenericTimerInterruptEnable
 .text.GenericTimerStart
                0x00000000b010ffd8       0x6c /home/wang/phytium-dev-linux-x64/phytium-free-rtos-sdk/example/system/amp/openamp_for_linux/build/libarch.a(fgeneric_timer.o)
                0x00000000b010ffd8                GenericTimerStart
 .text.GenericTimerStop
                0x00000000b0110044       0x6c /home/wang/phytium-dev-linux-x64/phytium-free-rtos-sdk/example/system/amp/openamp_for_linux/build/libarch.a(fgeneric_timer.o)
                0x00000000b0110044                GenericTimerStop
 .text.GenericTimerFrequecy
                0x00000000b01100b0        0x8 /home/wang/phytium-dev-linux-x64/phytium-free-rtos-sdk/example/system/amp/openamp_for_linux/build/libarch.a(fgeneric_timer.o)